
> scalper-agent-v4@4.0.0 build
> next build

▲ Next.js 16.3.0 (Turbopack)
✓ Running next.config.js took 105ms

  Creating an optimized production build ...
✓ Compiled successfully in 13.3s
  Running TypeScript ...
  Finished TypeScript in 5.5s ...
  Collecting page data using 11 workers ...
  Generating static pages using 11 workers (0/24) ...
  Generating static pages using 11 workers (6/24) 
  Generating static pages using 11 workers (12/24) 
  Generating static pages using 11 workers (18/24) 
✓ Generating static pages using 11 workers (24/24) in 798ms
  Finalizing page optimization ...

Route (app)
┌ ○ /
├ ○ /_not-found
├ ○ /alerts
├ ○ /audit-logs
├ ○ /binance-tr
├ ○ /charts
├ ○ /chat
├ ○ /database
├ ○ /gainer-radar
├ ○ /history
├ ○ /macd-monitor
├ ○ /memory
├ ○ /monitoring
├ ○ /portfolio
├ ○ /profile
├ ○ /reports
├ ○ /reports/forecasts
├ ○ /risk
├ ○ /settings
├ ○ /symbol-analysis
├ ○ /system-health
├ ○ /trade-repair
└ ○ /users


○  (Static)  prerendered as static content

