[START] strategy=BB_MFI_MEAN_REVERSION pine_version=v3 initial=10000.00 TRY window=2026-08-10T01:17:27+00:00..2026-08-11T01:17:27+00:00
[CONFIG] universe=1 source=cli order_pct=0.1000 pyramiding=2 max_positions=36 commission=0.001500 spread=0.001000 slippage=0.000250
[DATA] ACTTRY source=BinanceTR-public interval=5m candles=575
[ACTIVITY] ACTTRY status=ACTIVE metrics={"status": "ACTIVE", "quote_volume": 426949606.04, "range_15m_pct": 1.2911, "atr_pct": 0.8846, "volume_ratio": 1.3752, "spread_pct": 0.0951, "checks": {"quote_volume": true, "range_15m": true, "atr": true, "volume_ratio": true, "spread": true}, "reason": "active"}
[SCAN] 2026-08-10T01:19:59+00:00 symbols=1 signals=0 entries=0 exits=0 blocked=0 open=0 cash=10000.00 equity=10000.00
[SCAN] 2026-08-10T01:24:59+00:00 symbols=1 signals=0 entries=0 exits=0 blocked=0 open=0 cash=10000.00 equity=10000.00
[SCAN] 2026-08-10T01:29:59+00:00 symbols=1 signals=0 entries=0 exits=0 blocked=0 open=0 cash=10000.00 equity=10000.00
[SCAN] 2026-08-10T01:34:59+00:00 symbols=1 signals=0 entries=0 exits=0 blocked=0 open=0 cash=10000.00 equity=10000.00
[SCAN] 2026-08-10T01:39:59+00:00 symbols=1 signals=0 entries=0 exits=0 blocked=0 open=0 cash=10000.00 equity=10000.00
[SCAN] 2026-08-10T01:44:59+00:00 symbols=1 signals=0 entries=0 exits=0 blocked=0 open=0 cash=10000.00 equity=10000.00
[SCAN] 2026-08-10T01:49:59+00:00 symbols=1 signals=0 entries=0 exits=0 blocked=0 open=0 cash=10000.00 equity=10000.00
[SCAN] 2026-08-10T01:54:59+00:00 symbols=1 signals=0 entries=0 exits=0 blocked=0 open=0 cash=10000.00 equity=10000.00
[SCAN] 2026-08-10T01:59:59+00:00 symbols=1 signals=0 entries=0 exits=0 blocked=0 open=0 cash=10000.00 equity=10000.00
[SCAN] 2026-08-10T02:04:59+00:00 symbols=1 signals=0 entries=0 exits=0 blocked=0 open=0 cash=10000.00 equity=10000.00
[SCAN] 2026-08-10T02:09:59+00:00 symbols=1 signals=0 entries=0 exits=0 blocked=0 open=0 cash=10000.00 equity=10000.00
[SCAN] 2026-08-10T02:14:59+00:00 symbols=1 signals=0 entries=0 exits=0 blocked=0 open=0 cash=10000.00 equity=10000.00
[SCAN] 2026-08-10T02:19:59+00:00 symbols=1 signals=0 entries=0 exits=0 blocked=0 open=0 cash=10000.00 equity=10000.00
[SCAN] 2026-08-10T02:24:59+00:00 symbols=1 signals=0 entries=0 exits=0 blocked=0 open=0 cash=10000.00 equity=10000.00
[SCAN] 2026-08-10T02:29:59+00:00 symbols=1 signals=0 entries=0 exits=0 blocked=0 open=0 cash=10000.00 equity=10000.00
[SCAN] 2026-08-10T02:34:59+00:00 symbols=1 signals=0 entries=0 exits=0 blocked=0 open=0 cash=10000.00 equity=10000.00
[SCAN] 2026-08-10T02:39:59+00:00 symbols=1 signals=0 entries=0 exits=0 blocked=0 open=0 cash=10000.00 equity=10000.00
[SCAN] 2026-08-10T02:44:59+00:00 symbols=1 signals=0 entries=0 exits=0 blocked=0 open=0 cash=10000.00 equity=10000.00
[SCAN] 2026-08-10T02:49:59+00:00 symbols=1 signals=0 entries=0 exits=0 blocked=0 open=0 cash=10000.00 equity=10000.00
[SCAN] 2026-08-10T02:54:59+00:00 symbols=1 signals=0 entries=0 exits=0 blocked=0 open=0 cash=10000.00 equity=10000.00
[SCAN] 2026-08-10T02:59:59+00:00 symbols=1 signals=0 entries=0 exits=0 blocked=0 open=0 cash=10000.00 equity=10000.00
[SCAN] 2026-08-10T03:04:59+00:00 symbols=1 signals=0 entries=0 exits=0 blocked=0 open=0 cash=10000.00 equity=10000.00
[SCAN] 2026-08-10T03:09:59+00:00 symbols=1 signals=0 entries=0 exits=0 blocked=0 open=0 cash=10000.00 equity=10000.00
[SCAN] 2026-08-10T03:14:59+00:00 symbols=1 signals=0 entries=0 exits=0 blocked=0 open=0 cash=10000.00 equity=10000.00
[SCAN] 2026-08-10T03:19:59+00:00 symbols=1 signals=0 entries=0 exits=0 blocked=0 open=0 cash=10000.00 equity=10000.00
[SCAN] 2026-08-10T03:24:59+00:00 symbols=1 signals=0 entries=0 exits=0 blocked=0 open=0 cash=10000.00 equity=10000.00
[SCAN] 2026-08-10T03:29:59+00:00 symbols=1 signals=0 entries=0 exits=0 blocked=0 open=0 cash=10000.00 equity=10000.00
[SCAN] 2026-08-10T03:34:59+00:00 symbols=1 signals=0 entries=0 exits=0 blocked=0 open=0 cash=10000.00 equity=10000.00
[SCAN] 2026-08-10T03:39:59+00:00 symbols=1 signals=0 entries=0 exits=0 blocked=0 open=0 cash=10000.00 equity=10000.00
[SCAN] 2026-08-10T03:44:59+00:00 symbols=1 signals=0 entries=0 exits=0 blocked=0 open=0 cash=10000.00 equity=10000.00
[SCAN] 2026-08-10T03:49:59+00:00 symbols=1 signals=0 entries=0 exits=0 blocked=0 open=0 cash=10000.00 equity=10000.00
[SCAN] 2026-08-10T03:54:59+00:00 symbols=1 signals=0 entries=0 exits=0 blocked=0 open=0 cash=10000.00 equity=10000.00
[SCAN] 2026-08-10T03:59:59+00:00 symbols=1 signals=0 entries=0 exits=0 blocked=0 open=0 cash=10000.00 equity=10000.00
[SCAN] 2026-08-10T04:04:59+00:00 symbols=1 signals=0 entries=0 exits=0 blocked=0 open=0 cash=10000.00 equity=10000.00
[SCAN] 2026-08-10T04:09:59+00:00 symbols=1 signals=0 entries=0 exits=0 blocked=0 open=0 cash=10000.00 equity=10000.00
[SCAN] 2026-08-10T04:14:59+00:00 symbols=1 signals=0 entries=0 exits=0 blocked=0 open=0 cash=10000.00 equity=10000.00
[SCAN] 2026-08-10T04:19:59+00:00 symbols=1 signals=0 entries=0 exits=0 blocked=0 open=0 cash=10000.00 equity=10000.00
[SCAN] 2026-08-10T04:24:59+00:00 symbols=1 signals=0 entries=0 exits=0 blocked=0 open=0 cash=10000.00 equity=10000.00
[SCAN] 2026-08-10T04:29:59+00:00 symbols=1 signals=0 entries=0 exits=0 blocked=0 open=0 cash=10000.00 equity=10000.00
[SCAN] 2026-08-10T04:34:59+00:00 symbols=1 signals=0 entries=0 exits=0 blocked=0 open=0 cash=10000.00 equity=10000.00
[SCAN] 2026-08-10T04:39:59+00:00 symbols=1 signals=0 entries=0 exits=0 blocked=0 open=0 cash=10000.00 equity=10000.00
[SCAN] 2026-08-10T04:44:59+00:00 symbols=1 signals=0 entries=0 exits=0 blocked=0 open=0 cash=10000.00 equity=10000.00
[SCAN] 2026-08-10T04:49:59+00:00 symbols=1 signals=0 entries=0 exits=0 blocked=0 open=0 cash=10000.00 equity=10000.00
[SCAN] 2026-08-10T04:54:59+00:00 symbols=1 signals=0 entries=0 exits=0 blocked=0 open=0 cash=10000.00 equity=10000.00
[SCAN] 2026-08-10T04:59:59+00:00 symbols=1 signals=0 entries=0 exits=0 blocked=0 open=0 cash=10000.00 equity=10000.00
[SCAN] 2026-08-10T05:04:59+00:00 symbols=1 signals=0 entries=0 exits=0 blocked=0 open=0 cash=10000.00 equity=10000.00
[SCAN] 2026-08-10T05:09:59+00:00 symbols=1 signals=0 entries=0 exits=0 blocked=0 open=0 cash=10000.00 equity=10000.00
[SCAN] 2026-08-10T05:14:59+00:00 symbols=1 signals=0 entries=0 exits=0 blocked=0 open=0 cash=10000.00 equity=10000.00
[SCAN] 2026-08-10T05:19:59+00:00 symbols=1 signals=0 entries=0 exits=0 blocked=0 open=0 cash=10000.00 equity=10000.00
[SCAN] 2026-08-10T05:24:59+00:00 symbols=1 signals=0 entries=0 exits=0 blocked=0 open=0 cash=10000.00 equity=10000.00
[SCAN] 2026-08-10T05:29:59+00:00 symbols=1 signals=0 entries=0 exits=0 blocked=0 open=0 cash=10000.00 equity=10000.00
[SCAN] 2026-08-10T05:34:59+00:00 symbols=1 signals=0 entries=0 exits=0 blocked=0 open=0 cash=10000.00 equity=10000.00
[SIGNAL] 2026-08-10T05:34:59+00:00 ACTTRY BUY fill_at=2026-08-10T05:39:59+00:00 features={"close": 0.543, "bb_lower": 0.5442653928878698, "bb_upper": 0.5933822261597492, "rsi": 35.75843626573631, "mfi": 52.7256205866706, "atr": 0.01097857142857144}
[ENTRY] 2026-08-10T05:39:59+00:00 ACTTRY layer=1 value=1000.00 entry=0.54330718 cash=8998.50
[SCAN] 2026-08-10T05:39:59+00:00 symbols=1 signals=1 entries=1 exits=0 blocked=0 open=1 cash=8998.50 equity=10007.51
[SCAN] 2026-08-10T05:44:59+00:00 symbols=1 signals=0 entries=0 exits=0 blocked=0 open=1 cash=8998.50 equity=10014.13
[SCAN] 2026-08-10T05:49:59+00:00 symbols=1 signals=0 entries=0 exits=0 blocked=0 open=1 cash=8998.50 equity=10019.29
[SCAN] 2026-08-10T05:54:59+00:00 symbols=1 signals=0 entries=0 exits=0 blocked=0 open=1 cash=8998.50 equity=10006.22
[SCAN] 2026-08-10T05:59:59+00:00 symbols=1 signals=0 entries=0 exits=0 blocked=0 open=1 cash=8998.50 equity=10005.11
[SCAN] 2026-08-10T06:04:59+00:00 symbols=1 signals=0 entries=0 exits=0 blocked=0 open=1 cash=8998.50 equity=9996.83
[EXIT] 2026-08-10T06:09:59+00:00 ACTTRY reason=fixed_take_profit pnl=+19.37 cash=10019.37
[SCAN] 2026-08-10T06:09:59+00:00 symbols=1 signals=0 entries=0 exits=1 blocked=0 open=0 cash=10019.37 equity=10019.37
[SCAN] 2026-08-10T06:14:59+00:00 symbols=1 signals=0 entries=0 exits=0 blocked=0 open=0 cash=10019.37 equity=10019.37
[SCAN] 2026-08-10T06:19:59+00:00 symbols=1 signals=0 entries=0 exits=0 blocked=0 open=0 cash=10019.37 equity=10019.37
[SCAN] 2026-08-10T06:24:59+00:00 symbols=1 signals=0 entries=0 exits=0 blocked=0 open=0 cash=10019.37 equity=10019.37
[SCAN] 2026-08-10T06:29:59+00:00 symbols=1 signals=0 entries=0 exits=0 blocked=0 open=0 cash=10019.37 equity=10019.37
[SCAN] 2026-08-10T06:34:59+00:00 symbols=1 signals=0 entries=0 exits=0 blocked=0 open=0 cash=10019.37 equity=10019.37
[SCAN] 2026-08-10T06:39:59+00:00 symbols=1 signals=0 entries=0 exits=0 blocked=0 open=0 cash=10019.37 equity=10019.37
[SCAN] 2026-08-10T06:44:59+00:00 symbols=1 signals=0 entries=0 exits=0 blocked=0 open=0 cash=10019.37 equity=10019.37
[SCAN] 2026-08-10T06:49:59+00:00 symbols=1 signals=0 entries=0 exits=0 blocked=0 open=0 cash=10019.37 equity=10019.37
[SCAN] 2026-08-10T06:54:59+00:00 symbols=1 signals=0 entries=0 exits=0 blocked=0 open=0 cash=10019.37 equity=10019.37
[SCAN] 2026-08-10T06:59:59+00:00 symbols=1 signals=0 entries=0 exits=0 blocked=0 open=0 cash=10019.37 equity=10019.37
[SCAN] 2026-08-10T07:04:59+00:00 symbols=1 signals=0 entries=0 exits=0 blocked=0 open=0 cash=10019.37 equity=10019.37
[SCAN] 2026-08-10T07:09:59+00:00 symbols=1 signals=0 entries=0 exits=0 blocked=0 open=0 cash=10019.37 equity=10019.37
[SCAN] 2026-08-10T07:14:59+00:00 symbols=1 signals=0 entries=0 exits=0 blocked=0 open=0 cash=10019.37 equity=10019.37
[SCAN] 2026-08-10T07:19:59+00:00 symbols=1 signals=0 entries=0 exits=0 blocked=0 open=0 cash=10019.37 equity=10019.37
[SCAN] 2026-08-10T07:24:59+00:00 symbols=1 signals=0 entries=0 exits=0 blocked=0 open=0 cash=10019.37 equity=10019.37
[SCAN] 2026-08-10T07:29:59+00:00 symbols=1 signals=0 entries=0 exits=0 blocked=0 open=0 cash=10019.37 equity=10019.37
[SCAN] 2026-08-10T07:34:59+00:00 symbols=1 signals=0 entries=0 exits=0 blocked=0 open=0 cash=10019.37 equity=10019.37
[SCAN] 2026-08-10T07:39:59+00:00 symbols=1 signals=0 entries=0 exits=0 blocked=0 open=0 cash=10019.37 equity=10019.37
[SCAN] 2026-08-10T07:44:59+00:00 symbols=1 signals=0 entries=0 exits=0 blocked=0 open=0 cash=10019.37 equity=10019.37
[SCAN] 2026-08-10T07:49:59+00:00 symbols=1 signals=0 entries=0 exits=0 blocked=0 open=0 cash=10019.37 equity=10019.37
[SCAN] 2026-08-10T07:54:59+00:00 symbols=1 signals=0 entries=0 exits=0 blocked=0 open=0 cash=10019.37 equity=10019.37
[SCAN] 2026-08-10T07:59:59+00:00 symbols=1 signals=0 entries=0 exits=0 blocked=0 open=0 cash=10019.37 equity=10019.37
[SCAN] 2026-08-10T08:04:59+00:00 symbols=1 signals=0 entries=0 exits=0 blocked=0 open=0 cash=10019.37 equity=10019.37
[SCAN] 2026-08-10T08:09:59+00:00 symbols=1 signals=0 entries=0 exits=0 blocked=0 open=0 cash=10019.37 equity=10019.37
[SCAN] 2026-08-10T08:14:59+00:00 symbols=1 signals=0 entries=0 exits=0 blocked=0 open=0 cash=10019.37 equity=10019.37
[SCAN] 2026-08-10T08:19:59+00:00 symbols=1 signals=0 entries=0 exits=0 blocked=0 open=0 cash=10019.37 equity=10019.37
[SCAN] 2026-08-10T08:24:59+00:00 symbols=1 signals=0 entries=0 exits=0 blocked=0 open=0 cash=10019.37 equity=10019.37
[SCAN] 2026-08-10T08:29:59+00:00 symbols=1 signals=0 entries=0 exits=0 blocked=0 open=0 cash=10019.37 equity=10019.37
[SCAN] 2026-08-10T08:34:59+00:00 symbols=1 signals=0 entries=0 exits=0 blocked=0 open=0 cash=10019.37 equity=10019.37
[SCAN] 2026-08-10T08:39:59+00:00 symbols=1 signals=0 entries=0 exits=0 blocked=0 open=0 cash=10019.37 equity=10019.37
[SCAN] 2026-08-10T08:44:59+00:00 symbols=1 signals=0 entries=0 exits=0 blocked=0 open=0 cash=10019.37 equity=10019.37
[SCAN] 2026-08-10T08:49:59+00:00 symbols=1 signals=0 entries=0 exits=0 blocked=0 open=0 cash=10019.37 equity=10019.37
[SCAN] 2026-08-10T08:54:59+00:00 symbols=1 signals=0 entries=0 exits=0 blocked=0 open=0 cash=10019.37 equity=10019.37
[SCAN] 2026-08-10T08:59:59+00:00 symbols=1 signals=0 entries=0 exits=0 blocked=0 open=0 cash=10019.37 equity=10019.37
[SCAN] 2026-08-10T09:04:59+00:00 symbols=1 signals=0 entries=0 exits=0 blocked=0 open=0 cash=10019.37 equity=10019.37
[SCAN] 2026-08-10T09:09:59+00:00 symbols=1 signals=0 entries=0 exits=0 blocked=0 open=0 cash=10019.37 equity=10019.37
[SCAN] 2026-08-10T09:14:59+00:00 symbols=1 signals=0 entries=0 exits=0 blocked=0 open=0 cash=10019.37 equity=10019.37
[SCAN] 2026-08-10T09:19:59+00:00 symbols=1 signals=0 entries=0 exits=0 blocked=0 open=0 cash=10019.37 equity=10019.37
[SCAN] 2026-08-10T09:24:59+00:00 symbols=1 signals=0 entries=0 exits=0 blocked=0 open=0 cash=10019.37 equity=10019.37
[SCAN] 2026-08-10T09:29:59+00:00 symbols=1 signals=0 entries=0 exits=0 blocked=0 open=0 cash=10019.37 equity=10019.37
[SCAN] 2026-08-10T09:34:59+00:00 symbols=1 signals=0 entries=0 exits=0 blocked=0 open=0 cash=10019.37 equity=10019.37
[SCAN] 2026-08-10T09:39:59+00:00 symbols=1 signals=0 entries=0 exits=0 blocked=0 open=0 cash=10019.37 equity=10019.37
[SCAN] 2026-08-10T09:44:59+00:00 symbols=1 signals=0 entries=0 exits=0 blocked=0 open=0 cash=10019.37 equity=10019.37
[SCAN] 2026-08-10T09:49:59+00:00 symbols=1 signals=0 entries=0 exits=0 blocked=0 open=0 cash=10019.37 equity=10019.37
[SCAN] 2026-08-10T09:54:59+00:00 symbols=1 signals=0 entries=0 exits=0 blocked=0 open=0 cash=10019.37 equity=10019.37
[SCAN] 2026-08-10T09:59:59+00:00 symbols=1 signals=0 entries=0 exits=0 blocked=0 open=0 cash=10019.37 equity=10019.37
[SCAN] 2026-08-10T10:04:59+00:00 symbols=1 signals=0 entries=0 exits=0 blocked=0 open=0 cash=10019.37 equity=10019.37
[SCAN] 2026-08-10T10:09:59+00:00 symbols=1 signals=0 entries=0 exits=0 blocked=0 open=0 cash=10019.37 equity=10019.37
[SCAN] 2026-08-10T10:14:59+00:00 symbols=1 signals=0 entries=0 exits=0 blocked=0 open=0 cash=10019.37 equity=10019.37
[SCAN] 2026-08-10T10:19:59+00:00 symbols=1 signals=0 entries=0 exits=0 blocked=0 open=0 cash=10019.37 equity=10019.37
[SCAN] 2026-08-10T10:24:59+00:00 symbols=1 signals=0 entries=0 exits=0 blocked=0 open=0 cash=10019.37 equity=10019.37
[SCAN] 2026-08-10T10:29:59+00:00 symbols=1 signals=0 entries=0 exits=0 blocked=0 open=0 cash=10019.37 equity=10019.37
[SCAN] 2026-08-10T10:34:59+00:00 symbols=1 signals=0 entries=0 exits=0 blocked=0 open=0 cash=10019.37 equity=10019.37
[SCAN] 2026-08-10T10:39:59+00:00 symbols=1 signals=0 entries=0 exits=0 blocked=0 open=0 cash=10019.37 equity=10019.37
[SCAN] 2026-08-10T10:44:59+00:00 symbols=1 signals=0 entries=0 exits=0 blocked=0 open=0 cash=10019.37 equity=10019.37
[SCAN] 2026-08-10T10:49:59+00:00 symbols=1 signals=0 entries=0 exits=0 blocked=0 open=0 cash=10019.37 equity=10019.37
[SCAN] 2026-08-10T10:54:59+00:00 symbols=1 signals=0 entries=0 exits=0 blocked=0 open=0 cash=10019.37 equity=10019.37
[SCAN] 2026-08-10T10:59:59+00:00 symbols=1 signals=0 entries=0 exits=0 blocked=0 open=0 cash=10019.37 equity=10019.37
[SCAN] 2026-08-10T11:04:59+00:00 symbols=1 signals=0 entries=0 exits=0 blocked=0 open=0 cash=10019.37 equity=10019.37
[SCAN] 2026-08-10T11:09:59+00:00 symbols=1 signals=0 entries=0 exits=0 blocked=0 open=0 cash=10019.37 equity=10019.37
[SCAN] 2026-08-10T11:14:59+00:00 symbols=1 signals=0 entries=0 exits=0 blocked=0 open=0 cash=10019.37 equity=10019.37
[SCAN] 2026-08-10T11:19:59+00:00 symbols=1 signals=0 entries=0 exits=0 blocked=0 open=0 cash=10019.37 equity=10019.37
[SCAN] 2026-08-10T11:24:59+00:00 symbols=1 signals=0 entries=0 exits=0 blocked=0 open=0 cash=10019.37 equity=10019.37
[SCAN] 2026-08-10T11:29:59+00:00 symbols=1 signals=0 entries=0 exits=0 blocked=0 open=0 cash=10019.37 equity=10019.37
[SCAN] 2026-08-10T11:34:59+00:00 symbols=1 signals=0 entries=0 exits=0 blocked=0 open=0 cash=10019.37 equity=10019.37
[SCAN] 2026-08-10T11:39:59+00:00 symbols=1 signals=0 entries=0 exits=0 blocked=0 open=0 cash=10019.37 equity=10019.37
[SCAN] 2026-08-10T11:44:59+00:00 symbols=1 signals=0 entries=0 exits=0 blocked=0 open=0 cash=10019.37 equity=10019.37
[SCAN] 2026-08-10T11:49:59+00:00 symbols=1 signals=0 entries=0 exits=0 blocked=0 open=0 cash=10019.37 equity=10019.37
[SCAN] 2026-08-10T11:54:59+00:00 symbols=1 signals=0 entries=0 exits=0 blocked=0 open=0 cash=10019.37 equity=10019.37
[SCAN] 2026-08-10T11:59:59+00:00 symbols=1 signals=0 entries=0 exits=0 blocked=0 open=0 cash=10019.37 equity=10019.37
[SCAN] 2026-08-10T12:04:59+00:00 symbols=1 signals=0 entries=0 exits=0 blocked=0 open=0 cash=10019.37 equity=10019.37
[SCAN] 2026-08-10T12:09:59+00:00 symbols=1 signals=0 entries=0 exits=0 blocked=0 open=0 cash=10019.37 equity=10019.37
[SCAN] 2026-08-10T12:14:59+00:00 symbols=1 signals=0 entries=0 exits=0 blocked=0 open=0 cash=10019.37 equity=10019.37
[SCAN] 2026-08-10T12:19:59+00:00 symbols=1 signals=0 entries=0 exits=0 blocked=0 open=0 cash=10019.37 equity=10019.37
[SCAN] 2026-08-10T12:24:59+00:00 symbols=1 signals=0 entries=0 exits=0 blocked=0 open=0 cash=10019.37 equity=10019.37
[SCAN] 2026-08-10T12:29:59+00:00 symbols=1 signals=0 entries=0 exits=0 blocked=0 open=0 cash=10019.37 equity=10019.37
[SCAN] 2026-08-10T12:34:59+00:00 symbols=1 signals=0 entries=0 exits=0 blocked=0 open=0 cash=10019.37 equity=10019.37
[SCAN] 2026-08-10T12:39:59+00:00 symbols=1 signals=0 entries=0 exits=0 blocked=0 open=0 cash=10019.37 equity=10019.37
[SCAN] 2026-08-10T12:44:59+00:00 symbols=1 signals=0 entries=0 exits=0 blocked=0 open=0 cash=10019.37 equity=10019.37
[SCAN] 2026-08-10T12:49:59+00:00 symbols=1 signals=0 entries=0 exits=0 blocked=0 open=0 cash=10019.37 equity=10019.37
[SCAN] 2026-08-10T12:54:59+00:00 symbols=1 signals=0 entries=0 exits=0 blocked=0 open=0 cash=10019.37 equity=10019.37
[SCAN] 2026-08-10T12:59:59+00:00 symbols=1 signals=0 entries=0 exits=0 blocked=0 open=0 cash=10019.37 equity=10019.37
[SCAN] 2026-08-10T13:04:59+00:00 symbols=1 signals=0 entries=0 exits=0 blocked=0 open=0 cash=10019.37 equity=10019.37
[SCAN] 2026-08-10T13:09:59+00:00 symbols=1 signals=0 entries=0 exits=0 blocked=0 open=0 cash=10019.37 equity=10019.37
[SCAN] 2026-08-10T13:14:59+00:00 symbols=1 signals=0 entries=0 exits=0 blocked=0 open=0 cash=10019.37 equity=10019.37
[SCAN] 2026-08-10T13:19:59+00:00 symbols=1 signals=0 entries=0 exits=0 blocked=0 open=0 cash=10019.37 equity=10019.37
[SCAN] 2026-08-10T13:24:59+00:00 symbols=1 signals=0 entries=0 exits=0 blocked=0 open=0 cash=10019.37 equity=10019.37
[SCAN] 2026-08-10T13:29:59+00:00 symbols=1 signals=0 entries=0 exits=0 blocked=0 open=0 cash=10019.37 equity=10019.37
[SCAN] 2026-08-10T13:34:59+00:00 symbols=1 signals=0 entries=0 exits=0 blocked=0 open=0 cash=10019.37 equity=10019.37
[SCAN] 2026-08-10T13:39:59+00:00 symbols=1 signals=0 entries=0 exits=0 blocked=0 open=0 cash=10019.37 equity=10019.37
[SCAN] 2026-08-10T13:44:59+00:00 symbols=1 signals=0 entries=0 exits=0 blocked=0 open=0 cash=10019.37 equity=10019.37
[SIGNAL] 2026-08-10T13:44:59+00:00 ACTTRY BUY fill_at=2026-08-10T13:49:59+00:00 features={"close": 0.53, "bb_lower": 0.5359391930966123, "bb_upper": 0.5632227116652927, "rsi": 28.19419040606681, "mfi": 42.86730433345801, "atr": 0.006914285714285738}
[ENTRY] 2026-08-10T13:49:59+00:00 ACTTRY layer=1 value=1001.94 entry=0.53169848 cash=9015.93
[SCAN] 2026-08-10T13:49:59+00:00 symbols=1 signals=1 entries=1 exits=0 blocked=0 open=1 cash=9015.93 equity=9981.50
[SIGNAL] 2026-08-10T13:49:59+00:00 ACTTRY BUY fill_at=2026-08-10T13:54:59+00:00 features={"close": 0.5124, "bb_lower": 0.5273045847157469, "bb_upper": 0.567104939093777, "rsi": 20.428352347745516, "mfi": 30.209922486265583, "atr": 0.008378571428571457}
[ENTRY] 2026-08-10T13:54:59+00:00 ACTTRY layer=2 value=999.24 entry=0.51368497 cash=8015.19
[SCAN] 2026-08-10T13:54:59+00:00 symbols=1 signals=1 entries=1 exits=0 blocked=0 open=1 cash=8015.19 equity=9999.71
[SIGNAL] 2026-08-10T13:54:59+00:00 ACTTRY BUY fill_at=2026-08-10T13:59:59+00:00 features={"close": 0.5182, "bb_lower": 0.5223383147110324, "bb_upper": 0.5687283519556344, "rsi": 27.55244959659197, "mfi": 28.986912825693082, "atr": 0.008742857142857172}
[BLOCKED] ACTTRY reason=max_layers
[SCAN] 2026-08-10T13:59:59+00:00 symbols=1 signals=1 entries=0 exits=0 blocked=1 open=1 cash=8015.19 equity=9998.95
[SIGNAL] 2026-08-10T13:59:59+00:00 ACTTRY BUY fill_at=2026-08-10T14:04:59+00:00 features={"close": 0.518, "bb_lower": 0.518192869646235, "bb_upper": 0.5694261779728127, "rsi": 27.460606667853938, "mfi": 30.906980233717505, "atr": 0.00844285714285718}
[BLOCKED] ACTTRY reason=max_layers
[SCAN] 2026-08-10T14:04:59+00:00 symbols=1 signals=1 entries=0 exits=0 blocked=1 open=1 cash=8015.19 equity=9982.10
[SIGNAL] 2026-08-10T14:04:59+00:00 ACTTRY BUY fill_at=2026-08-10T14:09:59+00:00 features={"close": 0.5136, "bb_lower": 0.5136960752241317, "bb_upper": 0.5700372581092017, "rsi": 25.43954470219002, "mfi": 27.684513662366356, "atr": 0.008357142857142896}
[BLOCKED] ACTTRY reason=max_layers
[SCAN] 2026-08-10T14:09:59+00:00 symbols=1 signals=1 entries=0 exits=0 blocked=1 open=1 cash=8015.19 equity=9982.10
[SCAN] 2026-08-10T14:14:59+00:00 symbols=1 signals=0 entries=0 exits=0 blocked=0 open=1 cash=8015.19 equity=9992.05
[SCAN] 2026-08-10T14:19:59+00:00 symbols=1 signals=0 entries=0 exits=0 blocked=0 open=1 cash=8015.19 equity=9981.71
[SCAN] 2026-08-10T14:24:59+00:00 symbols=1 signals=0 entries=0 exits=0 blocked=0 open=1 cash=8015.19 equity=9987.84
[SCAN] 2026-08-10T14:29:59+00:00 symbols=1 signals=0 entries=0 exits=0 blocked=0 open=1 cash=8015.19 equity=9994.35
[SCAN] 2026-08-10T14:34:59+00:00 symbols=1 signals=0 entries=0 exits=0 blocked=0 open=1 cash=8015.19 equity=10013.12
[SCAN] 2026-08-10T14:39:59+00:00 symbols=1 signals=0 entries=0 exits=0 blocked=0 open=1 cash=8015.19 equity=10008.90
[SCAN] 2026-08-10T14:44:59+00:00 symbols=1 signals=0 entries=0 exits=0 blocked=0 open=1 cash=8015.19 equity=10013.50
[SCAN] 2026-08-10T14:49:59+00:00 symbols=1 signals=0 entries=0 exits=0 blocked=0 open=1 cash=8015.19 equity=10002.78
[SCAN] 2026-08-10T14:54:59+00:00 symbols=1 signals=0 entries=0 exits=0 blocked=0 open=1 cash=8015.19 equity=10006.61
[SCAN] 2026-08-10T14:59:59+00:00 symbols=1 signals=0 entries=0 exits=0 blocked=0 open=1 cash=8015.19 equity=10006.61
[SCAN] 2026-08-10T15:04:59+00:00 symbols=1 signals=0 entries=0 exits=0 blocked=0 open=1 cash=8015.19 equity=9985.93
[SCAN] 2026-08-10T15:09:59+00:00 symbols=1 signals=0 entries=0 exits=0 blocked=0 open=1 cash=8015.19 equity=9978.27
[SCAN] 2026-08-10T15:14:59+00:00 symbols=1 signals=0 entries=0 exits=0 blocked=0 open=1 cash=8015.19 equity=9977.50
[SCAN] 2026-08-10T15:19:59+00:00 symbols=1 signals=0 entries=0 exits=0 blocked=0 open=1 cash=8015.19 equity=9963.33
[SCAN] 2026-08-10T15:24:59+00:00 symbols=1 signals=0 entries=0 exits=0 blocked=0 open=1 cash=8015.19 equity=9960.65
[SCAN] 2026-08-10T15:29:59+00:00 symbols=1 signals=0 entries=0 exits=0 blocked=0 open=1 cash=8015.19 equity=9977.88
[SCAN] 2026-08-10T15:34:59+00:00 symbols=1 signals=0 entries=0 exits=0 blocked=0 open=1 cash=8015.19 equity=9976.74
[SCAN] 2026-08-10T15:39:59+00:00 symbols=1 signals=0 entries=0 exits=0 blocked=0 open=1 cash=8015.19 equity=9990.52
[SCAN] 2026-08-10T15:44:59+00:00 symbols=1 signals=0 entries=0 exits=0 blocked=0 open=1 cash=8015.19 equity=9997.42
[SCAN] 2026-08-10T15:49:59+00:00 symbols=1 signals=0 entries=0 exits=0 blocked=0 open=1 cash=8015.19 equity=9995.88
[SCAN] 2026-08-10T15:54:59+00:00 symbols=1 signals=0 entries=0 exits=0 blocked=0 open=1 cash=8015.19 equity=10003.93
[SCAN] 2026-08-10T15:59:59+00:00 symbols=1 signals=0 entries=0 exits=0 blocked=0 open=1 cash=8015.19 equity=10011.97
[SCAN] 2026-08-10T16:04:59+00:00 symbols=1 signals=0 entries=0 exits=0 blocked=0 open=1 cash=8015.19 equity=9999.71
[SCAN] 2026-08-10T16:09:59+00:00 symbols=1 signals=0 entries=0 exits=0 blocked=0 open=1 cash=8015.19 equity=10008.14
[SCAN] 2026-08-10T16:14:59+00:00 symbols=1 signals=0 entries=0 exits=0 blocked=0 open=1 cash=8015.19 equity=10006.61
[SCAN] 2026-08-10T16:19:59+00:00 symbols=1 signals=0 entries=0 exits=0 blocked=0 open=1 cash=8015.19 equity=10009.29
[SCAN] 2026-08-10T16:24:59+00:00 symbols=1 signals=0 entries=0 exits=0 blocked=0 open=1 cash=8015.19 equity=10004.69
[SCAN] 2026-08-10T16:29:59+00:00 symbols=1 signals=0 entries=0 exits=0 blocked=0 open=1 cash=8015.19 equity=9983.63
[SCAN] 2026-08-10T16:34:59+00:00 symbols=1 signals=0 entries=0 exits=0 blocked=0 open=1 cash=8015.19 equity=10000.10
[SCAN] 2026-08-10T16:39:59+00:00 symbols=1 signals=0 entries=0 exits=0 blocked=0 open=1 cash=8015.19 equity=9991.67
[SCAN] 2026-08-10T16:44:59+00:00 symbols=1 signals=0 entries=0 exits=0 blocked=0 open=1 cash=8015.19 equity=9989.37
[SCAN] 2026-08-10T16:49:59+00:00 symbols=1 signals=0 entries=0 exits=0 blocked=0 open=1 cash=8015.19 equity=10025.76
[SCAN] 2026-08-10T16:54:59+00:00 symbols=1 signals=0 entries=0 exits=0 blocked=0 open=1 cash=8015.19 equity=10026.90
[SCAN] 2026-08-10T16:59:59+00:00 symbols=1 signals=0 entries=0 exits=0 blocked=0 open=1 cash=8015.19 equity=10042.99
[SCAN] 2026-08-10T17:04:59+00:00 symbols=1 signals=0 entries=0 exits=0 blocked=0 open=1 cash=8015.19 equity=10037.24
[SCAN] 2026-08-10T17:09:59+00:00 symbols=1 signals=0 entries=0 exits=0 blocked=0 open=1 cash=8015.19 equity=10026.14
[SCAN] 2026-08-10T17:14:59+00:00 symbols=1 signals=0 entries=0 exits=0 blocked=0 open=1 cash=8015.19 equity=10029.58
[SCAN] 2026-08-10T17:19:59+00:00 symbols=1 signals=0 entries=0 exits=0 blocked=0 open=1 cash=8015.19 equity=10018.10
[SCAN] 2026-08-10T17:24:59+00:00 symbols=1 signals=0 entries=0 exits=0 blocked=0 open=1 cash=8015.19 equity=10028.82
[SCAN] 2026-08-10T17:29:59+00:00 symbols=1 signals=0 entries=0 exits=0 blocked=0 open=1 cash=8015.19 equity=10013.12
[SCAN] 2026-08-10T17:34:59+00:00 symbols=1 signals=0 entries=0 exits=0 blocked=0 open=1 cash=8015.19 equity=9989.37
[SCAN] 2026-08-10T17:39:59+00:00 symbols=1 signals=0 entries=0 exits=0 blocked=0 open=1 cash=8015.19 equity=9973.67
[SIGNAL] 2026-08-10T17:39:59+00:00 ACTTRY BUY fill_at=2026-08-10T17:44:59+00:00 features={"close": 0.5114, "bb_lower": 0.5115125163502393, "bb_upper": 0.5304303407926177, "rsi": 37.28680215632894, "mfi": 55.20878148965327, "atr": 0.0048499999999999975}
[BLOCKED] ACTTRY reason=max_layers
[SCAN] 2026-08-10T17:44:59+00:00 symbols=1 signals=1 entries=0 exits=0 blocked=1 open=1 cash=8015.19 equity=9971.76
[SCAN] 2026-08-10T17:49:59+00:00 symbols=1 signals=0 entries=0 exits=0 blocked=0 open=1 cash=8015.19 equity=9988.22
[SCAN] 2026-08-10T17:54:59+00:00 symbols=1 signals=0 entries=0 exits=0 blocked=0 open=1 cash=8015.19 equity=9988.99
[SCAN] 2026-08-10T17:59:59+00:00 symbols=1 signals=0 entries=0 exits=0 blocked=0 open=1 cash=8015.19 equity=10003.93
[SCAN] 2026-08-10T18:04:59+00:00 symbols=1 signals=0 entries=0 exits=0 blocked=0 open=1 cash=8015.19 equity=10022.31
[SCAN] 2026-08-10T18:09:59+00:00 symbols=1 signals=0 entries=0 exits=0 blocked=0 open=1 cash=8015.19 equity=10022.69
[SCAN] 2026-08-10T18:14:59+00:00 symbols=1 signals=0 entries=0 exits=0 blocked=0 open=1 cash=8015.19 equity=10006.22
[SCAN] 2026-08-10T18:19:59+00:00 symbols=1 signals=0 entries=0 exits=0 blocked=0 open=1 cash=8015.19 equity=10006.61
[SCAN] 2026-08-10T18:24:59+00:00 symbols=1 signals=0 entries=0 exits=0 blocked=0 open=1 cash=8015.19 equity=10005.84
[SCAN] 2026-08-10T18:29:59+00:00 symbols=1 signals=0 entries=0 exits=0 blocked=0 open=1 cash=8015.19 equity=10006.61
[SCAN] 2026-08-10T18:34:59+00:00 symbols=1 signals=0 entries=0 exits=0 blocked=0 open=1 cash=8015.19 equity=9982.86
[SCAN] 2026-08-10T18:39:59+00:00 symbols=1 signals=0 entries=0 exits=0 blocked=0 open=1 cash=8015.19 equity=9982.10
[SCAN] 2026-08-10T18:44:59+00:00 symbols=1 signals=0 entries=0 exits=0 blocked=0 open=1 cash=8015.19 equity=10003.93
[SCAN] 2026-08-10T18:49:59+00:00 symbols=1 signals=0 entries=0 exits=0 blocked=0 open=1 cash=8015.19 equity=10003.93
[SCAN] 2026-08-10T18:54:59+00:00 symbols=1 signals=0 entries=0 exits=0 blocked=0 open=1 cash=8015.19 equity=10013.88
[SCAN] 2026-08-10T18:59:59+00:00 symbols=1 signals=0 entries=0 exits=0 blocked=0 open=1 cash=8015.19 equity=10027.67
[SCAN] 2026-08-10T19:04:59+00:00 symbols=1 signals=0 entries=0 exits=0 blocked=0 open=1 cash=8015.19 equity=10044.14
[EXIT] 2026-08-10T19:09:59+00:00 ACTTRY reason=fixed_take_profit pnl=+38.76 cash=10058.13
[SCAN] 2026-08-10T19:09:59+00:00 symbols=1 signals=0 entries=0 exits=1 blocked=0 open=0 cash=10058.13 equity=10058.13
[SCAN] 2026-08-10T19:14:59+00:00 symbols=1 signals=0 entries=0 exits=0 blocked=0 open=0 cash=10058.13 equity=10058.13
[SCAN] 2026-08-10T19:19:59+00:00 symbols=1 signals=0 entries=0 exits=0 blocked=0 open=0 cash=10058.13 equity=10058.13
[SCAN] 2026-08-10T19:24:59+00:00 symbols=1 signals=0 entries=0 exits=0 blocked=0 open=0 cash=10058.13 equity=10058.13
[SCAN] 2026-08-10T19:29:59+00:00 symbols=1 signals=0 entries=0 exits=0 blocked=0 open=0 cash=10058.13 equity=10058.13
[SCAN] 2026-08-10T19:34:59+00:00 symbols=1 signals=0 entries=0 exits=0 blocked=0 open=0 cash=10058.13 equity=10058.13
[SCAN] 2026-08-10T19:39:59+00:00 symbols=1 signals=0 entries=0 exits=0 blocked=0 open=0 cash=10058.13 equity=10058.13
[SCAN] 2026-08-10T19:44:59+00:00 symbols=1 signals=0 entries=0 exits=0 blocked=0 open=0 cash=10058.13 equity=10058.13
[SCAN] 2026-08-10T19:49:59+00:00 symbols=1 signals=0 entries=0 exits=0 blocked=0 open=0 cash=10058.13 equity=10058.13
[SCAN] 2026-08-10T19:54:59+00:00 symbols=1 signals=0 entries=0 exits=0 blocked=0 open=0 cash=10058.13 equity=10058.13
[SCAN] 2026-08-10T19:59:59+00:00 symbols=1 signals=0 entries=0 exits=0 blocked=0 open=0 cash=10058.13 equity=10058.13
[SCAN] 2026-08-10T20:04:59+00:00 symbols=1 signals=0 entries=0 exits=0 blocked=0 open=0 cash=10058.13 equity=10058.13
[SCAN] 2026-08-10T20:09:59+00:00 symbols=1 signals=0 entries=0 exits=0 blocked=0 open=0 cash=10058.13 equity=10058.13
[SCAN] 2026-08-10T20:14:59+00:00 symbols=1 signals=0 entries=0 exits=0 blocked=0 open=0 cash=10058.13 equity=10058.13
[SCAN] 2026-08-10T20:19:59+00:00 symbols=1 signals=0 entries=0 exits=0 blocked=0 open=0 cash=10058.13 equity=10058.13
[SCAN] 2026-08-10T20:24:59+00:00 symbols=1 signals=0 entries=0 exits=0 blocked=0 open=0 cash=10058.13 equity=10058.13
[SCAN] 2026-08-10T20:29:59+00:00 symbols=1 signals=0 entries=0 exits=0 blocked=0 open=0 cash=10058.13 equity=10058.13
[SCAN] 2026-08-10T20:34:59+00:00 symbols=1 signals=0 entries=0 exits=0 blocked=0 open=0 cash=10058.13 equity=10058.13
[SCAN] 2026-08-10T20:39:59+00:00 symbols=1 signals=0 entries=0 exits=0 blocked=0 open=0 cash=10058.13 equity=10058.13
[SCAN] 2026-08-10T20:44:59+00:00 symbols=1 signals=0 entries=0 exits=0 blocked=0 open=0 cash=10058.13 equity=10058.13
[SCAN] 2026-08-10T20:49:59+00:00 symbols=1 signals=0 entries=0 exits=0 blocked=0 open=0 cash=10058.13 equity=10058.13
[SCAN] 2026-08-10T20:54:59+00:00 symbols=1 signals=0 entries=0 exits=0 blocked=0 open=0 cash=10058.13 equity=10058.13
[SCAN] 2026-08-10T20:59:59+00:00 symbols=1 signals=0 entries=0 exits=0 blocked=0 open=0 cash=10058.13 equity=10058.13
[SCAN] 2026-08-10T21:04:59+00:00 symbols=1 signals=0 entries=0 exits=0 blocked=0 open=0 cash=10058.13 equity=10058.13
[SCAN] 2026-08-10T21:09:59+00:00 symbols=1 signals=0 entries=0 exits=0 blocked=0 open=0 cash=10058.13 equity=10058.13
[SCAN] 2026-08-10T21:14:59+00:00 symbols=1 signals=0 entries=0 exits=0 blocked=0 open=0 cash=10058.13 equity=10058.13
[SCAN] 2026-08-10T21:19:59+00:00 symbols=1 signals=0 entries=0 exits=0 blocked=0 open=0 cash=10058.13 equity=10058.13
[SCAN] 2026-08-10T21:24:59+00:00 symbols=1 signals=0 entries=0 exits=0 blocked=0 open=0 cash=10058.13 equity=10058.13
[SCAN] 2026-08-10T21:29:59+00:00 symbols=1 signals=0 entries=0 exits=0 blocked=0 open=0 cash=10058.13 equity=10058.13
[SCAN] 2026-08-10T21:34:59+00:00 symbols=1 signals=0 entries=0 exits=0 blocked=0 open=0 cash=10058.13 equity=10058.13
[SCAN] 2026-08-10T21:39:59+00:00 symbols=1 signals=0 entries=0 exits=0 blocked=0 open=0 cash=10058.13 equity=10058.13
[SCAN] 2026-08-10T21:44:59+00:00 symbols=1 signals=0 entries=0 exits=0 blocked=0 open=0 cash=10058.13 equity=10058.13
[SCAN] 2026-08-10T21:49:59+00:00 symbols=1 signals=0 entries=0 exits=0 blocked=0 open=0 cash=10058.13 equity=10058.13
[SCAN] 2026-08-10T21:54:59+00:00 symbols=1 signals=0 entries=0 exits=0 blocked=0 open=0 cash=10058.13 equity=10058.13
[SCAN] 2026-08-10T21:59:59+00:00 symbols=1 signals=0 entries=0 exits=0 blocked=0 open=0 cash=10058.13 equity=10058.13
[SCAN] 2026-08-10T22:04:59+00:00 symbols=1 signals=0 entries=0 exits=0 blocked=0 open=0 cash=10058.13 equity=10058.13
[SCAN] 2026-08-10T22:09:59+00:00 symbols=1 signals=0 entries=0 exits=0 blocked=0 open=0 cash=10058.13 equity=10058.13
[SCAN] 2026-08-10T22:14:59+00:00 symbols=1 signals=0 entries=0 exits=0 blocked=0 open=0 cash=10058.13 equity=10058.13
[SCAN] 2026-08-10T22:19:59+00:00 symbols=1 signals=0 entries=0 exits=0 blocked=0 open=0 cash=10058.13 equity=10058.13
[SCAN] 2026-08-10T22:24:59+00:00 symbols=1 signals=0 entries=0 exits=0 blocked=0 open=0 cash=10058.13 equity=10058.13
[SCAN] 2026-08-10T22:29:59+00:00 symbols=1 signals=0 entries=0 exits=0 blocked=0 open=0 cash=10058.13 equity=10058.13
[SCAN] 2026-08-10T22:34:59+00:00 symbols=1 signals=0 entries=0 exits=0 blocked=0 open=0 cash=10058.13 equity=10058.13
[SCAN] 2026-08-10T22:39:59+00:00 symbols=1 signals=0 entries=0 exits=0 blocked=0 open=0 cash=10058.13 equity=10058.13
[SCAN] 2026-08-10T22:44:59+00:00 symbols=1 signals=0 entries=0 exits=0 blocked=0 open=0 cash=10058.13 equity=10058.13
[SCAN] 2026-08-10T22:49:59+00:00 symbols=1 signals=0 entries=0 exits=0 blocked=0 open=0 cash=10058.13 equity=10058.13
[SCAN] 2026-08-10T22:54:59+00:00 symbols=1 signals=0 entries=0 exits=0 blocked=0 open=0 cash=10058.13 equity=10058.13
[SCAN] 2026-08-10T22:59:59+00:00 symbols=1 signals=0 entries=0 exits=0 blocked=0 open=0 cash=10058.13 equity=10058.13
[SCAN] 2026-08-10T23:04:59+00:00 symbols=1 signals=0 entries=0 exits=0 blocked=0 open=0 cash=10058.13 equity=10058.13
[SCAN] 2026-08-10T23:09:59+00:00 symbols=1 signals=0 entries=0 exits=0 blocked=0 open=0 cash=10058.13 equity=10058.13
[SCAN] 2026-08-10T23:14:59+00:00 symbols=1 signals=0 entries=0 exits=0 blocked=0 open=0 cash=10058.13 equity=10058.13
[SCAN] 2026-08-10T23:19:59+00:00 symbols=1 signals=0 entries=0 exits=0 blocked=0 open=0 cash=10058.13 equity=10058.13
[SCAN] 2026-08-10T23:24:59+00:00 symbols=1 signals=0 entries=0 exits=0 blocked=0 open=0 cash=10058.13 equity=10058.13
[SCAN] 2026-08-10T23:29:59+00:00 symbols=1 signals=0 entries=0 exits=0 blocked=0 open=0 cash=10058.13 equity=10058.13
[SIGNAL] 2026-08-10T23:29:59+00:00 ACTTRY BUY fill_at=2026-08-10T23:34:59+00:00 features={"close": 0.5257, "bb_lower": 0.5273375407889574, "bb_upper": 0.5433291258777094, "rsi": 32.57766488422921, "mfi": 48.841870686980585, "atr": 0.002700000000000012}
[ENTRY] 2026-08-10T23:34:59+00:00 ACTTRY layer=1 value=1005.81 entry=0.52629443 cash=9050.81
[SCAN] 2026-08-10T23:34:59+00:00 symbols=1 signals=1 entries=1 exits=0 blocked=0 open=1 cash=9050.81 equity=10059.88
[SCAN] 2026-08-10T23:39:59+00:00 symbols=1 signals=0 entries=0 exits=0 blocked=0 open=1 cash=9050.81 equity=10059.50
[SCAN] 2026-08-10T23:44:59+00:00 symbols=1 signals=0 entries=0 exits=0 blocked=0 open=1 cash=9050.81 equity=10061.98
[SCAN] 2026-08-10T23:49:59+00:00 symbols=1 signals=0 entries=0 exits=0 blocked=0 open=1 cash=9050.81 equity=10066.95
[SCAN] 2026-08-10T23:54:59+00:00 symbols=1 signals=0 entries=0 exits=0 blocked=0 open=1 cash=9050.81 equity=10067.72
[SCAN] 2026-08-10T23:59:59+00:00 symbols=1 signals=0 entries=0 exits=0 blocked=0 open=1 cash=9050.81 equity=10069.05
[SCAN] 2026-08-11T00:04:59+00:00 symbols=1 signals=0 entries=0 exits=0 blocked=0 open=1 cash=9050.81 equity=10065.23
[SCAN] 2026-08-11T00:09:59+00:00 symbols=1 signals=0 entries=0 exits=0 blocked=0 open=1 cash=9050.81 equity=10066.00
[SCAN] 2026-08-11T00:14:59+00:00 symbols=1 signals=0 entries=0 exits=0 blocked=0 open=1 cash=9050.81 equity=10078.23
[EXIT] 2026-08-11T00:19:59+00:00 ACTTRY reason=fixed_take_profit pnl=+19.48 cash=10077.61
[SCAN] 2026-08-11T00:19:59+00:00 symbols=1 signals=0 entries=0 exits=1 blocked=0 open=0 cash=10077.61 equity=10077.61
[SCAN] 2026-08-11T00:24:59+00:00 symbols=1 signals=0 entries=0 exits=0 blocked=0 open=0 cash=10077.61 equity=10077.61
[SCAN] 2026-08-11T00:29:59+00:00 symbols=1 signals=0 entries=0 exits=0 blocked=0 open=0 cash=10077.61 equity=10077.61
[SCAN] 2026-08-11T00:34:59+00:00 symbols=1 signals=0 entries=0 exits=0 blocked=0 open=0 cash=10077.61 equity=10077.61
[SCAN] 2026-08-11T00:39:59+00:00 symbols=1 signals=0 entries=0 exits=0 blocked=0 open=0 cash=10077.61 equity=10077.61
[SCAN] 2026-08-11T00:44:59+00:00 symbols=1 signals=0 entries=0 exits=0 blocked=0 open=0 cash=10077.61 equity=10077.61
[SIGNAL] 2026-08-11T00:44:59+00:00 ACTTRY BUY fill_at=2026-08-11T00:49:59+00:00 features={"close": 0.518, "bb_lower": 0.5209491476395118, "bb_upper": 0.5398318047414408, "rsi": 30.424673927293384, "mfi": 13.810867556709411, "atr": 0.004092857142857136}
[ENTRY] 2026-08-11T00:49:59+00:00 ACTTRY layer=1 value=1007.76 entry=0.51978955 cash=9068.34
[SCAN] 2026-08-11T00:49:59+00:00 symbols=1 signals=1 entries=1 exits=0 blocked=0 open=1 cash=9068.34 equity=10081.16
[SCAN] 2026-08-11T00:54:59+00:00 symbols=1 signals=0 entries=0 exits=0 blocked=0 open=1 cash=9068.34 equity=10093.38
[EXIT] 2026-08-11T00:59:59+00:00 ACTTRY reason=fixed_take_profit pnl=+19.52 cash=10097.13
[SCAN] 2026-08-11T00:59:59+00:00 symbols=1 signals=0 entries=0 exits=1 blocked=0 open=0 cash=10097.13 equity=10097.13
[SCAN] 2026-08-11T01:04:59+00:00 symbols=1 signals=0 entries=0 exits=0 blocked=0 open=0 cash=10097.13 equity=10097.13
[SCAN] 2026-08-11T01:09:59+00:00 symbols=1 signals=0 entries=0 exits=0 blocked=0 open=0 cash=10097.13 equity=10097.13
[SCAN] 2026-08-11T01:14:59+00:00 symbols=1 signals=0 entries=0 exits=0 blocked=0 open=0 cash=10097.13 equity=10097.13
[COMPLETE] result=/mnt/d/scalperagent_v4/backend/compare-acttry-v3.json
RESULT_JSON={"initial_balance_try": 10000.0, "final_balance_try": 10097.130863, "net_pnl_try": 97.130863, "net_pnl_pct": 0.971309, "closed_trades": 4, "wins": 4, "losses": 0, "win_rate_pct": 100.0, "profit_factor": null, "fees_closed_trades_try": 15.212777, "max_drawdown_pct": 0.709266, "active_symbols": ["ACTTRY"], "open_positions_excluded": [], "reconciliation": {"expected": 10097.130863, "actual": 10097.130863, "difference": 1.8e-07}}
