[START] strategy=BB_MFI_MEAN_REVERSION pine_version=v3 initial=10000.00 TRY window=2026-08-10T01:17:27+00:00..2026-08-11T01:17:27+00:00
[CONFIG] universe=1 source=cli order_pct=0.1000 pyramiding=2 max_positions=36 commission=0.001500 spread=0.001000 slippage=0.000250
[DATA] BOMETRY source=BinanceTR-public interval=5m candles=575
[ACTIVITY] BOMETRY status=ACTIVE metrics={"status": "ACTIVE", "quote_volume": 173036076.56, "range_15m_pct": 2.4294, "atr_pct": 0.8279, "volume_ratio": 1.0605, "spread_pct": 0.0518, "checks": {"quote_volume": true, "range_15m": true, "atr": true, "volume_ratio": true, "spread": true}, "reason": "active"}
[SCAN] 2026-08-10T01:19:59+00:00 symbols=1 signals=0 entries=0 exits=0 blocked=0 open=0 cash=10000.00 equity=10000.00
[SCAN] 2026-08-10T01:24:59+00:00 symbols=1 signals=0 entries=0 exits=0 blocked=0 open=0 cash=10000.00 equity=10000.00
[SCAN] 2026-08-10T01:29:59+00:00 symbols=1 signals=0 entries=0 exits=0 blocked=0 open=0 cash=10000.00 equity=10000.00
[SCAN] 2026-08-10T01:34:59+00:00 symbols=1 signals=0 entries=0 exits=0 blocked=0 open=0 cash=10000.00 equity=10000.00
[SCAN] 2026-08-10T01:39:59+00:00 symbols=1 signals=0 entries=0 exits=0 blocked=0 open=0 cash=10000.00 equity=10000.00
[SCAN] 2026-08-10T01:44:59+00:00 symbols=1 signals=0 entries=0 exits=0 blocked=0 open=0 cash=10000.00 equity=10000.00
[SCAN] 2026-08-10T01:49:59+00:00 symbols=1 signals=0 entries=0 exits=0 blocked=0 open=0 cash=10000.00 equity=10000.00
[SCAN] 2026-08-10T01:54:59+00:00 symbols=1 signals=0 entries=0 exits=0 blocked=0 open=0 cash=10000.00 equity=10000.00
[SIGNAL] 2026-08-10T01:54:59+00:00 BOMETRY BUY fill_at=2026-08-10T01:59:59+00:00 features={"close": 0.03891, "bb_lower": 0.03917259344054688, "bb_upper": 0.041632168464215025, "rsi": 35.16322818746788, "mfi": 44.64063047193286, "atr": 0.0007599999999999993}
[ENTRY] 2026-08-10T01:59:59+00:00 BOMETRY layer=1 value=1000.00 entry=0.03893918 cash=8998.50
[SCAN] 2026-08-10T01:59:59+00:00 symbols=1 signals=1 entries=1 exits=0 blocked=0 open=1 cash=8998.50 equity=9947.67
[SIGNAL] 2026-08-10T01:59:59+00:00 BOMETRY BUY fill_at=2026-08-10T02:04:59+00:00 features={"close": 0.03696, "bb_lower": 0.03832871020679632, "bb_upper": 0.04208176598367988, "rsi": 25.531098296247364, "mfi": 32.241977982397756, "atr": 0.000894999999999999}
[ENTRY] 2026-08-10T02:04:59+00:00 BOMETRY layer=2 value=994.02 entry=0.03692768 cash=8002.99
[SCAN] 2026-08-10T02:04:59+00:00 symbols=1 signals=1 entries=1 exits=0 blocked=0 open=1 cash=8002.99 equity=9931.80
[SIGNAL] 2026-08-10T02:04:59+00:00 BOMETRY BUY fill_at=2026-08-10T02:09:59+00:00 features={"close": 0.03667, "bb_lower": 0.03762427204378485, "bb_upper": 0.042401442241929446, "rsi": 24.45197033765416, "mfi": 28.278221420205696, "atr": 0.0008771428571428566}
[BLOCKED] BOMETRY reason=max_layers
[SCAN] 2026-08-10T02:09:59+00:00 symbols=1 signals=1 entries=0 exits=0 blocked=1 open=1 cash=8002.99 equity=9932.85
[SIGNAL] 2026-08-10T02:09:59+00:00 BOMETRY BUY fill_at=2026-08-10T02:14:59+00:00 features={"close": 0.03669, "bb_lower": 0.037142851588541484, "bb_upper": 0.04265429126860139, "rsi": 24.689791993222002, "mfi": 22.40011725985842, "atr": 0.0008157142857142852}
[BLOCKED] BOMETRY reason=max_layers
[SCAN] 2026-08-10T02:14:59+00:00 symbols=1 signals=1 entries=0 exits=0 blocked=1 open=1 cash=8002.99 equity=9944.42
[SCAN] 2026-08-10T02:19:59+00:00 symbols=1 signals=0 entries=0 exits=0 blocked=0 open=1 cash=8002.99 equity=9931.27
[SCAN] 2026-08-10T02:24:59+00:00 symbols=1 signals=0 entries=0 exits=0 blocked=0 open=1 cash=8002.99 equity=9933.38
[SCAN] 2026-08-10T02:29:59+00:00 symbols=1 signals=0 entries=0 exits=0 blocked=0 open=1 cash=8002.99 equity=9894.45
[SCAN] 2026-08-10T02:34:59+00:00 symbols=1 signals=0 entries=0 exits=0 blocked=0 open=1 cash=8002.99 equity=9888.14
[SCAN] 2026-08-10T02:39:59+00:00 symbols=1 signals=0 entries=0 exits=0 blocked=0 open=1 cash=8002.99 equity=9898.13
[SCAN] 2026-08-10T02:44:59+00:00 symbols=1 signals=0 entries=0 exits=0 blocked=0 open=1 cash=8002.99 equity=9894.98
[SCAN] 2026-08-10T02:49:59+00:00 symbols=1 signals=0 entries=0 exits=0 blocked=0 open=1 cash=8002.99 equity=9894.45
[SCAN] 2026-08-10T02:54:59+00:00 symbols=1 signals=0 entries=0 exits=0 blocked=0 open=1 cash=8002.99 equity=9919.17
[SCAN] 2026-08-10T02:59:59+00:00 symbols=1 signals=0 entries=0 exits=0 blocked=0 open=1 cash=8002.99 equity=9932.85
[SCAN] 2026-08-10T03:04:59+00:00 symbols=1 signals=0 entries=0 exits=0 blocked=0 open=1 cash=8002.99 equity=9906.55
[SCAN] 2026-08-10T03:09:59+00:00 symbols=1 signals=0 entries=0 exits=0 blocked=0 open=1 cash=8002.99 equity=9907.08
[SCAN] 2026-08-10T03:14:59+00:00 symbols=1 signals=0 entries=0 exits=0 blocked=0 open=1 cash=8002.99 equity=9911.28
[SCAN] 2026-08-10T03:19:59+00:00 symbols=1 signals=0 entries=0 exits=0 blocked=0 open=1 cash=8002.99 equity=9899.71
[SCAN] 2026-08-10T03:24:59+00:00 symbols=1 signals=0 entries=0 exits=0 blocked=0 open=1 cash=8002.99 equity=9914.97
[SCAN] 2026-08-10T03:29:59+00:00 symbols=1 signals=0 entries=0 exits=0 blocked=0 open=1 cash=8002.99 equity=9911.81
[SCAN] 2026-08-10T03:34:59+00:00 symbols=1 signals=0 entries=0 exits=0 blocked=0 open=1 cash=8002.99 equity=9940.74
[EXIT] 2026-08-10T03:39:59+00:00 BOMETRY reason=fixed_take_profit pnl=+38.62 cash=10038.62
[SCAN] 2026-08-10T03:39:59+00:00 symbols=1 signals=0 entries=0 exits=1 blocked=0 open=0 cash=10038.62 equity=10038.62
[SCAN] 2026-08-10T03:44:59+00:00 symbols=1 signals=0 entries=0 exits=0 blocked=0 open=0 cash=10038.62 equity=10038.62
[SCAN] 2026-08-10T03:49:59+00:00 symbols=1 signals=0 entries=0 exits=0 blocked=0 open=0 cash=10038.62 equity=10038.62
[SCAN] 2026-08-10T03:54:59+00:00 symbols=1 signals=0 entries=0 exits=0 blocked=0 open=0 cash=10038.62 equity=10038.62
[SCAN] 2026-08-10T03:59:59+00:00 symbols=1 signals=0 entries=0 exits=0 blocked=0 open=0 cash=10038.62 equity=10038.62
[SCAN] 2026-08-10T04:04:59+00:00 symbols=1 signals=0 entries=0 exits=0 blocked=0 open=0 cash=10038.62 equity=10038.62
[SCAN] 2026-08-10T04:09:59+00:00 symbols=1 signals=0 entries=0 exits=0 blocked=0 open=0 cash=10038.62 equity=10038.62
[SCAN] 2026-08-10T04:14:59+00:00 symbols=1 signals=0 entries=0 exits=0 blocked=0 open=0 cash=10038.62 equity=10038.62
[SCAN] 2026-08-10T04:19:59+00:00 symbols=1 signals=0 entries=0 exits=0 blocked=0 open=0 cash=10038.62 equity=10038.62
[SCAN] 2026-08-10T04:24:59+00:00 symbols=1 signals=0 entries=0 exits=0 blocked=0 open=0 cash=10038.62 equity=10038.62
[SCAN] 2026-08-10T04:29:59+00:00 symbols=1 signals=0 entries=0 exits=0 blocked=0 open=0 cash=10038.62 equity=10038.62
[SCAN] 2026-08-10T04:34:59+00:00 symbols=1 signals=0 entries=0 exits=0 blocked=0 open=0 cash=10038.62 equity=10038.62
[SCAN] 2026-08-10T04:39:59+00:00 symbols=1 signals=0 entries=0 exits=0 blocked=0 open=0 cash=10038.62 equity=10038.62
[SCAN] 2026-08-10T04:44:59+00:00 symbols=1 signals=0 entries=0 exits=0 blocked=0 open=0 cash=10038.62 equity=10038.62
[SCAN] 2026-08-10T04:49:59+00:00 symbols=1 signals=0 entries=0 exits=0 blocked=0 open=0 cash=10038.62 equity=10038.62
[SCAN] 2026-08-10T04:54:59+00:00 symbols=1 signals=0 entries=0 exits=0 blocked=0 open=0 cash=10038.62 equity=10038.62
[SCAN] 2026-08-10T04:59:59+00:00 symbols=1 signals=0 entries=0 exits=0 blocked=0 open=0 cash=10038.62 equity=10038.62
[SCAN] 2026-08-10T05:04:59+00:00 symbols=1 signals=0 entries=0 exits=0 blocked=0 open=0 cash=10038.62 equity=10038.62
[SCAN] 2026-08-10T05:09:59+00:00 symbols=1 signals=0 entries=0 exits=0 blocked=0 open=0 cash=10038.62 equity=10038.62
[SCAN] 2026-08-10T05:14:59+00:00 symbols=1 signals=0 entries=0 exits=0 blocked=0 open=0 cash=10038.62 equity=10038.62
[SCAN] 2026-08-10T05:19:59+00:00 symbols=1 signals=0 entries=0 exits=0 blocked=0 open=0 cash=10038.62 equity=10038.62
[SCAN] 2026-08-10T05:24:59+00:00 symbols=1 signals=0 entries=0 exits=0 blocked=0 open=0 cash=10038.62 equity=10038.62
[SCAN] 2026-08-10T05:29:59+00:00 symbols=1 signals=0 entries=0 exits=0 blocked=0 open=0 cash=10038.62 equity=10038.62
[SCAN] 2026-08-10T05:34:59+00:00 symbols=1 signals=0 entries=0 exits=0 blocked=0 open=0 cash=10038.62 equity=10038.62
[SCAN] 2026-08-10T05:39:59+00:00 symbols=1 signals=0 entries=0 exits=0 blocked=0 open=0 cash=10038.62 equity=10038.62
[SCAN] 2026-08-10T05:44:59+00:00 symbols=1 signals=0 entries=0 exits=0 blocked=0 open=0 cash=10038.62 equity=10038.62
[SCAN] 2026-08-10T05:49:59+00:00 symbols=1 signals=0 entries=0 exits=0 blocked=0 open=0 cash=10038.62 equity=10038.62
[SCAN] 2026-08-10T05:54:59+00:00 symbols=1 signals=0 entries=0 exits=0 blocked=0 open=0 cash=10038.62 equity=10038.62
[SCAN] 2026-08-10T05:59:59+00:00 symbols=1 signals=0 entries=0 exits=0 blocked=0 open=0 cash=10038.62 equity=10038.62
[SCAN] 2026-08-10T06:04:59+00:00 symbols=1 signals=0 entries=0 exits=0 blocked=0 open=0 cash=10038.62 equity=10038.62
[SCAN] 2026-08-10T06:09:59+00:00 symbols=1 signals=0 entries=0 exits=0 blocked=0 open=0 cash=10038.62 equity=10038.62
[SCAN] 2026-08-10T06:14:59+00:00 symbols=1 signals=0 entries=0 exits=0 blocked=0 open=0 cash=10038.62 equity=10038.62
[SCAN] 2026-08-10T06:19:59+00:00 symbols=1 signals=0 entries=0 exits=0 blocked=0 open=0 cash=10038.62 equity=10038.62
[SCAN] 2026-08-10T06:24:59+00:00 symbols=1 signals=0 entries=0 exits=0 blocked=0 open=0 cash=10038.62 equity=10038.62
[SCAN] 2026-08-10T06:29:59+00:00 symbols=1 signals=0 entries=0 exits=0 blocked=0 open=0 cash=10038.62 equity=10038.62
[SCAN] 2026-08-10T06:34:59+00:00 symbols=1 signals=0 entries=0 exits=0 blocked=0 open=0 cash=10038.62 equity=10038.62
[SCAN] 2026-08-10T06:39:59+00:00 symbols=1 signals=0 entries=0 exits=0 blocked=0 open=0 cash=10038.62 equity=10038.62
[SCAN] 2026-08-10T06:44:59+00:00 symbols=1 signals=0 entries=0 exits=0 blocked=0 open=0 cash=10038.62 equity=10038.62
[SCAN] 2026-08-10T06:49:59+00:00 symbols=1 signals=0 entries=0 exits=0 blocked=0 open=0 cash=10038.62 equity=10038.62
[SCAN] 2026-08-10T06:54:59+00:00 symbols=1 signals=0 entries=0 exits=0 blocked=0 open=0 cash=10038.62 equity=10038.62
[SCAN] 2026-08-10T06:59:59+00:00 symbols=1 signals=0 entries=0 exits=0 blocked=0 open=0 cash=10038.62 equity=10038.62
[SCAN] 2026-08-10T07:04:59+00:00 symbols=1 signals=0 entries=0 exits=0 blocked=0 open=0 cash=10038.62 equity=10038.62
[SCAN] 2026-08-10T07:09:59+00:00 symbols=1 signals=0 entries=0 exits=0 blocked=0 open=0 cash=10038.62 equity=10038.62
[SCAN] 2026-08-10T07:14:59+00:00 symbols=1 signals=0 entries=0 exits=0 blocked=0 open=0 cash=10038.62 equity=10038.62
[SCAN] 2026-08-10T07:19:59+00:00 symbols=1 signals=0 entries=0 exits=0 blocked=0 open=0 cash=10038.62 equity=10038.62
[SCAN] 2026-08-10T07:24:59+00:00 symbols=1 signals=0 entries=0 exits=0 blocked=0 open=0 cash=10038.62 equity=10038.62
[SCAN] 2026-08-10T07:29:59+00:00 symbols=1 signals=0 entries=0 exits=0 blocked=0 open=0 cash=10038.62 equity=10038.62
[SCAN] 2026-08-10T07:34:59+00:00 symbols=1 signals=0 entries=0 exits=0 blocked=0 open=0 cash=10038.62 equity=10038.62
[SCAN] 2026-08-10T07:39:59+00:00 symbols=1 signals=0 entries=0 exits=0 blocked=0 open=0 cash=10038.62 equity=10038.62
[SCAN] 2026-08-10T07:44:59+00:00 symbols=1 signals=0 entries=0 exits=0 blocked=0 open=0 cash=10038.62 equity=10038.62
[SCAN] 2026-08-10T07:49:59+00:00 symbols=1 signals=0 entries=0 exits=0 blocked=0 open=0 cash=10038.62 equity=10038.62
[SCAN] 2026-08-10T07:54:59+00:00 symbols=1 signals=0 entries=0 exits=0 blocked=0 open=0 cash=10038.62 equity=10038.62
[SCAN] 2026-08-10T07:59:59+00:00 symbols=1 signals=0 entries=0 exits=0 blocked=0 open=0 cash=10038.62 equity=10038.62
[SCAN] 2026-08-10T08:04:59+00:00 symbols=1 signals=0 entries=0 exits=0 blocked=0 open=0 cash=10038.62 equity=10038.62
[SCAN] 2026-08-10T08:09:59+00:00 symbols=1 signals=0 entries=0 exits=0 blocked=0 open=0 cash=10038.62 equity=10038.62
[SCAN] 2026-08-10T08:14:59+00:00 symbols=1 signals=0 entries=0 exits=0 blocked=0 open=0 cash=10038.62 equity=10038.62
[SCAN] 2026-08-10T08:19:59+00:00 symbols=1 signals=0 entries=0 exits=0 blocked=0 open=0 cash=10038.62 equity=10038.62
[SCAN] 2026-08-10T08:24:59+00:00 symbols=1 signals=0 entries=0 exits=0 blocked=0 open=0 cash=10038.62 equity=10038.62
[SCAN] 2026-08-10T08:29:59+00:00 symbols=1 signals=0 entries=0 exits=0 blocked=0 open=0 cash=10038.62 equity=10038.62
[SCAN] 2026-08-10T08:34:59+00:00 symbols=1 signals=0 entries=0 exits=0 blocked=0 open=0 cash=10038.62 equity=10038.62
[SCAN] 2026-08-10T08:39:59+00:00 symbols=1 signals=0 entries=0 exits=0 blocked=0 open=0 cash=10038.62 equity=10038.62
[SCAN] 2026-08-10T08:44:59+00:00 symbols=1 signals=0 entries=0 exits=0 blocked=0 open=0 cash=10038.62 equity=10038.62
[SCAN] 2026-08-10T08:49:59+00:00 symbols=1 signals=0 entries=0 exits=0 blocked=0 open=0 cash=10038.62 equity=10038.62
[SCAN] 2026-08-10T08:54:59+00:00 symbols=1 signals=0 entries=0 exits=0 blocked=0 open=0 cash=10038.62 equity=10038.62
[SCAN] 2026-08-10T08:59:59+00:00 symbols=1 signals=0 entries=0 exits=0 blocked=0 open=0 cash=10038.62 equity=10038.62
[SCAN] 2026-08-10T09:04:59+00:00 symbols=1 signals=0 entries=0 exits=0 blocked=0 open=0 cash=10038.62 equity=10038.62
[SCAN] 2026-08-10T09:09:59+00:00 symbols=1 signals=0 entries=0 exits=0 blocked=0 open=0 cash=10038.62 equity=10038.62
[SCAN] 2026-08-10T09:14:59+00:00 symbols=1 signals=0 entries=0 exits=0 blocked=0 open=0 cash=10038.62 equity=10038.62
[SCAN] 2026-08-10T09:19:59+00:00 symbols=1 signals=0 entries=0 exits=0 blocked=0 open=0 cash=10038.62 equity=10038.62
[SCAN] 2026-08-10T09:24:59+00:00 symbols=1 signals=0 entries=0 exits=0 blocked=0 open=0 cash=10038.62 equity=10038.62
[SCAN] 2026-08-10T09:29:59+00:00 symbols=1 signals=0 entries=0 exits=0 blocked=0 open=0 cash=10038.62 equity=10038.62
[SCAN] 2026-08-10T09:34:59+00:00 symbols=1 signals=0 entries=0 exits=0 blocked=0 open=0 cash=10038.62 equity=10038.62
[SCAN] 2026-08-10T09:39:59+00:00 symbols=1 signals=0 entries=0 exits=0 blocked=0 open=0 cash=10038.62 equity=10038.62
[SCAN] 2026-08-10T09:44:59+00:00 symbols=1 signals=0 entries=0 exits=0 blocked=0 open=0 cash=10038.62 equity=10038.62
[SCAN] 2026-08-10T09:49:59+00:00 symbols=1 signals=0 entries=0 exits=0 blocked=0 open=0 cash=10038.62 equity=10038.62
[SCAN] 2026-08-10T09:54:59+00:00 symbols=1 signals=0 entries=0 exits=0 blocked=0 open=0 cash=10038.62 equity=10038.62
[SCAN] 2026-08-10T09:59:59+00:00 symbols=1 signals=0 entries=0 exits=0 blocked=0 open=0 cash=10038.62 equity=10038.62
[SCAN] 2026-08-10T10:04:59+00:00 symbols=1 signals=0 entries=0 exits=0 blocked=0 open=0 cash=10038.62 equity=10038.62
[SCAN] 2026-08-10T10:09:59+00:00 symbols=1 signals=0 entries=0 exits=0 blocked=0 open=0 cash=10038.62 equity=10038.62
[SCAN] 2026-08-10T10:14:59+00:00 symbols=1 signals=0 entries=0 exits=0 blocked=0 open=0 cash=10038.62 equity=10038.62
[SIGNAL] 2026-08-10T10:14:59+00:00 BOMETRY BUY fill_at=2026-08-10T10:19:59+00:00 features={"close": 0.03792, "bb_lower": 0.03799946259849493, "bb_upper": 0.03924053740150507, "rsi": 42.4344161386773, "mfi": 57.841598272747156, "atr": 0.0005464285714285722}
[ENTRY] 2026-08-10T10:19:59+00:00 BOMETRY layer=1 value=1003.86 entry=0.03802850 cash=9033.25
[SCAN] 2026-08-10T10:19:59+00:00 symbols=1 signals=1 entries=1 exits=0 blocked=0 open=1 cash=9033.25 equity=10024.22
[SIGNAL] 2026-08-10T10:19:59+00:00 BOMETRY BUY fill_at=2026-08-10T10:24:59+00:00 features={"close": 0.03754, "bb_lower": 0.03779405831379493, "bb_upper": 0.039325941686205075, "rsi": 38.07308910303693, "mfi": 52.39642318732171, "atr": 0.000537857142857144}
[ENTRY] 2026-08-10T10:24:59+00:00 BOMETRY layer=2 value=1003.00 entry=0.03761819 cash=8028.75
[SCAN] 2026-08-10T10:24:59+00:00 symbols=1 signals=1 entries=1 exits=0 blocked=0 open=1 cash=8028.75 equity=10032.31
[SCAN] 2026-08-10T10:29:59+00:00 symbols=1 signals=0 entries=0 exits=0 blocked=0 open=1 cash=8028.75 equity=10033.37
[SCAN] 2026-08-10T10:34:59+00:00 symbols=1 signals=0 entries=0 exits=0 blocked=0 open=1 cash=8028.75 equity=10028.06
[SCAN] 2026-08-10T10:39:59+00:00 symbols=1 signals=0 entries=0 exits=0 blocked=0 open=1 cash=8028.75 equity=10029.65
[SCAN] 2026-08-10T10:44:59+00:00 symbols=1 signals=0 entries=0 exits=0 blocked=0 open=1 cash=8028.75 equity=10042.39
[SCAN] 2026-08-10T10:49:59+00:00 symbols=1 signals=0 entries=0 exits=0 blocked=0 open=1 cash=8028.75 equity=10042.92
[SCAN] 2026-08-10T10:54:59+00:00 symbols=1 signals=0 entries=0 exits=0 blocked=0 open=1 cash=8028.75 equity=10036.55
[SCAN] 2026-08-10T10:59:59+00:00 symbols=1 signals=0 entries=0 exits=0 blocked=0 open=1 cash=8028.75 equity=10043.98
[SCAN] 2026-08-10T11:04:59+00:00 symbols=1 signals=0 entries=0 exits=0 blocked=0 open=1 cash=8028.75 equity=10041.86
[SCAN] 2026-08-10T11:09:59+00:00 symbols=1 signals=0 entries=0 exits=0 blocked=0 open=1 cash=8028.75 equity=10033.90
[SCAN] 2026-08-10T11:14:59+00:00 symbols=1 signals=0 entries=0 exits=0 blocked=0 open=1 cash=8028.75 equity=10032.84
[SCAN] 2026-08-10T11:19:59+00:00 symbols=1 signals=0 entries=0 exits=0 blocked=0 open=1 cash=8028.75 equity=10034.43
[SCAN] 2026-08-10T11:24:59+00:00 symbols=1 signals=0 entries=0 exits=0 blocked=0 open=1 cash=8028.75 equity=10041.86
[SCAN] 2026-08-10T11:29:59+00:00 symbols=1 signals=0 entries=0 exits=0 blocked=0 open=1 cash=8028.75 equity=10046.63
[SCAN] 2026-08-10T11:34:59+00:00 symbols=1 signals=0 entries=0 exits=0 blocked=0 open=1 cash=8028.75 equity=10041.86
[SCAN] 2026-08-10T11:39:59+00:00 symbols=1 signals=0 entries=0 exits=0 blocked=0 open=1 cash=8028.75 equity=10043.98
[SCAN] 2026-08-10T11:44:59+00:00 symbols=1 signals=0 entries=0 exits=0 blocked=0 open=1 cash=8028.75 equity=10003.12
[SCAN] 2026-08-10T11:49:59+00:00 symbols=1 signals=0 entries=0 exits=0 blocked=0 open=1 cash=8028.75 equity=9999.94
[SIGNAL] 2026-08-10T11:49:59+00:00 BOMETRY BUY fill_at=2026-08-10T11:54:59+00:00 features={"close": 0.03715, "bb_lower": 0.03718958359987431, "bb_upper": 0.03847898782869711, "rsi": 32.809895494508936, "mfi": 33.49710590206345, "atr": 0.0002942857142857142}
[BLOCKED] BOMETRY reason=max_layers
[SCAN] 2026-08-10T11:54:59+00:00 symbols=1 signals=1 entries=0 exits=0 blocked=1 open=1 cash=8028.75 equity=9968.63
[SIGNAL] 2026-08-10T11:54:59+00:00 BOMETRY BUY fill_at=2026-08-10T11:59:59+00:00 features={"close": 0.03656, "bb_lower": 0.03703179618851156, "bb_upper": 0.038418680001964634, "rsi": 25.774778820975797, "mfi": 28.209602812323723, "atr": 0.00033428571428571405}
[BLOCKED] BOMETRY reason=max_layers
[SCAN] 2026-08-10T11:59:59+00:00 symbols=1 signals=1 entries=0 exits=0 blocked=1 open=1 cash=8028.75 equity=9961.73
[SIGNAL] 2026-08-10T11:59:59+00:00 BOMETRY BUY fill_at=2026-08-10T12:04:59+00:00 features={"close": 0.03643, "bb_lower": 0.03677505290089892, "bb_upper": 0.03853351852767251, "rsi": 24.519798815331498, "mfi": 23.0361812911664, "atr": 0.0003457142857142855}
[BLOCKED] BOMETRY reason=max_layers
[SCAN] 2026-08-10T12:04:59+00:00 symbols=1 signals=1 entries=0 exits=0 blocked=1 open=1 cash=8028.75 equity=9965.45
[SIGNAL] 2026-08-10T12:04:59+00:00 BOMETRY BUY fill_at=2026-08-10T12:09:59+00:00 features={"close": 0.0365, "bb_lower": 0.03659751919891553, "bb_upper": 0.03861200461060828, "rsi": 26.60442659670487, "mfi": 28.06261576774135, "atr": 0.0003435714285714287}
[BLOCKED] BOMETRY reason=max_layers
[SCAN] 2026-08-10T12:09:59+00:00 symbols=1 signals=1 entries=0 exits=0 blocked=1 open=1 cash=8028.75 equity=9962.80
[SCAN] 2026-08-10T12:14:59+00:00 symbols=1 signals=0 entries=0 exits=0 blocked=0 open=1 cash=8028.75 equity=9987.73
[SCAN] 2026-08-10T12:19:59+00:00 symbols=1 signals=0 entries=0 exits=0 blocked=0 open=1 cash=8028.75 equity=10001.53
[SCAN] 2026-08-10T12:24:59+00:00 symbols=1 signals=0 entries=0 exits=0 blocked=0 open=1 cash=8028.75 equity=10002.06
[SCAN] 2026-08-10T12:29:59+00:00 symbols=1 signals=0 entries=0 exits=0 blocked=0 open=1 cash=8028.75 equity=9997.82
[SCAN] 2026-08-10T12:34:59+00:00 symbols=1 signals=0 entries=0 exits=0 blocked=0 open=1 cash=8028.75 equity=10011.61
[SCAN] 2026-08-10T12:39:59+00:00 symbols=1 signals=0 entries=0 exits=0 blocked=0 open=1 cash=8028.75 equity=10028.59
[SCAN] 2026-08-10T12:44:59+00:00 symbols=1 signals=0 entries=0 exits=0 blocked=0 open=1 cash=8028.75 equity=10055.65
[SCAN] 2026-08-10T12:49:59+00:00 symbols=1 signals=0 entries=0 exits=0 blocked=0 open=1 cash=8028.75 equity=10046.63
[SCAN] 2026-08-10T12:54:59+00:00 symbols=1 signals=0 entries=0 exits=0 blocked=0 open=1 cash=8028.75 equity=10053.00
[SCAN] 2026-08-10T12:59:59+00:00 symbols=1 signals=0 entries=0 exits=0 blocked=0 open=1 cash=8028.75 equity=10047.69
[SCAN] 2026-08-10T13:04:59+00:00 symbols=1 signals=0 entries=0 exits=0 blocked=0 open=1 cash=8028.75 equity=10062.55
[EXIT] 2026-08-10T13:09:59+00:00 BOMETRY reason=fixed_take_profit pnl=+38.87 cash=10077.49
[SCAN] 2026-08-10T13:09:59+00:00 symbols=1 signals=0 entries=0 exits=1 blocked=0 open=0 cash=10077.49 equity=10077.49
[SCAN] 2026-08-10T13:14:59+00:00 symbols=1 signals=0 entries=0 exits=0 blocked=0 open=0 cash=10077.49 equity=10077.49
[SCAN] 2026-08-10T13:19:59+00:00 symbols=1 signals=0 entries=0 exits=0 blocked=0 open=0 cash=10077.49 equity=10077.49
[SCAN] 2026-08-10T13:24:59+00:00 symbols=1 signals=0 entries=0 exits=0 blocked=0 open=0 cash=10077.49 equity=10077.49
[SCAN] 2026-08-10T13:29:59+00:00 symbols=1 signals=0 entries=0 exits=0 blocked=0 open=0 cash=10077.49 equity=10077.49
[SCAN] 2026-08-10T13:34:59+00:00 symbols=1 signals=0 entries=0 exits=0 blocked=0 open=0 cash=10077.49 equity=10077.49
[SCAN] 2026-08-10T13:39:59+00:00 symbols=1 signals=0 entries=0 exits=0 blocked=0 open=0 cash=10077.49 equity=10077.49
[SCAN] 2026-08-10T13:44:59+00:00 symbols=1 signals=0 entries=0 exits=0 blocked=0 open=0 cash=10077.49 equity=10077.49
[SCAN] 2026-08-10T13:49:59+00:00 symbols=1 signals=0 entries=0 exits=0 blocked=0 open=0 cash=10077.49 equity=10077.49
[SCAN] 2026-08-10T13:54:59+00:00 symbols=1 signals=0 entries=0 exits=0 blocked=0 open=0 cash=10077.49 equity=10077.49
[SCAN] 2026-08-10T13:59:59+00:00 symbols=1 signals=0 entries=0 exits=0 blocked=0 open=0 cash=10077.49 equity=10077.49
[SCAN] 2026-08-10T14:04:59+00:00 symbols=1 signals=0 entries=0 exits=0 blocked=0 open=0 cash=10077.49 equity=10077.49
[SCAN] 2026-08-10T14:09:59+00:00 symbols=1 signals=0 entries=0 exits=0 blocked=0 open=0 cash=10077.49 equity=10077.49
[SCAN] 2026-08-10T14:14:59+00:00 symbols=1 signals=0 entries=0 exits=0 blocked=0 open=0 cash=10077.49 equity=10077.49
[SCAN] 2026-08-10T14:19:59+00:00 symbols=1 signals=0 entries=0 exits=0 blocked=0 open=0 cash=10077.49 equity=10077.49
[SCAN] 2026-08-10T14:24:59+00:00 symbols=1 signals=0 entries=0 exits=0 blocked=0 open=0 cash=10077.49 equity=10077.49
[SCAN] 2026-08-10T14:29:59+00:00 symbols=1 signals=0 entries=0 exits=0 blocked=0 open=0 cash=10077.49 equity=10077.49
[SCAN] 2026-08-10T14:34:59+00:00 symbols=1 signals=0 entries=0 exits=0 blocked=0 open=0 cash=10077.49 equity=10077.49
[SCAN] 2026-08-10T14:39:59+00:00 symbols=1 signals=0 entries=0 exits=0 blocked=0 open=0 cash=10077.49 equity=10077.49
[SCAN] 2026-08-10T14:44:59+00:00 symbols=1 signals=0 entries=0 exits=0 blocked=0 open=0 cash=10077.49 equity=10077.49
[SCAN] 2026-08-10T14:49:59+00:00 symbols=1 signals=0 entries=0 exits=0 blocked=0 open=0 cash=10077.49 equity=10077.49
[SCAN] 2026-08-10T14:54:59+00:00 symbols=1 signals=0 entries=0 exits=0 blocked=0 open=0 cash=10077.49 equity=10077.49
[SCAN] 2026-08-10T14:59:59+00:00 symbols=1 signals=0 entries=0 exits=0 blocked=0 open=0 cash=10077.49 equity=10077.49
[SCAN] 2026-08-10T15:04:59+00:00 symbols=1 signals=0 entries=0 exits=0 blocked=0 open=0 cash=10077.49 equity=10077.49
[SCAN] 2026-08-10T15:09:59+00:00 symbols=1 signals=0 entries=0 exits=0 blocked=0 open=0 cash=10077.49 equity=10077.49
[SCAN] 2026-08-10T15:14:59+00:00 symbols=1 signals=0 entries=0 exits=0 blocked=0 open=0 cash=10077.49 equity=10077.49
[SCAN] 2026-08-10T15:19:59+00:00 symbols=1 signals=0 entries=0 exits=0 blocked=0 open=0 cash=10077.49 equity=10077.49
[SCAN] 2026-08-10T15:24:59+00:00 symbols=1 signals=0 entries=0 exits=0 blocked=0 open=0 cash=10077.49 equity=10077.49
[SCAN] 2026-08-10T15:29:59+00:00 symbols=1 signals=0 entries=0 exits=0 blocked=0 open=0 cash=10077.49 equity=10077.49
[SCAN] 2026-08-10T15:34:59+00:00 symbols=1 signals=0 entries=0 exits=0 blocked=0 open=0 cash=10077.49 equity=10077.49
[SCAN] 2026-08-10T15:39:59+00:00 symbols=1 signals=0 entries=0 exits=0 blocked=0 open=0 cash=10077.49 equity=10077.49
[SCAN] 2026-08-10T15:44:59+00:00 symbols=1 signals=0 entries=0 exits=0 blocked=0 open=0 cash=10077.49 equity=10077.49
[SCAN] 2026-08-10T15:49:59+00:00 symbols=1 signals=0 entries=0 exits=0 blocked=0 open=0 cash=10077.49 equity=10077.49
[SCAN] 2026-08-10T15:54:59+00:00 symbols=1 signals=0 entries=0 exits=0 blocked=0 open=0 cash=10077.49 equity=10077.49
[SIGNAL] 2026-08-10T15:54:59+00:00 BOMETRY BUY fill_at=2026-08-10T15:59:59+00:00 features={"close": 0.03822, "bb_lower": 0.038306112379345274, "bb_upper": 0.039026268573035684, "rsi": 42.43501720358123, "mfi": 37.566660969644936, "atr": 0.00035285714285714434}
[ENTRY] 2026-08-10T15:59:59+00:00 BOMETRY layer=1 value=1007.75 entry=0.03827869 cash=9068.23
[SCAN] 2026-08-10T15:59:59+00:00 symbols=1 signals=1 entries=1 exits=0 blocked=0 open=1 cash=9068.23 equity=10071.54
[SIGNAL] 2026-08-10T15:59:59+00:00 BOMETRY BUY fill_at=2026-08-10T16:04:59+00:00 features={"close": 0.03811, "bb_lower": 0.03821428808733451, "bb_upper": 0.039074283341236936, "rsi": 40.56649401619822, "mfi": 33.57314416726469, "atr": 0.0003435714285714292}
[ENTRY] 2026-08-10T16:04:59+00:00 BOMETRY layer=2 value=1007.94 entry=0.03817861 cash=8058.78
[SCAN] 2026-08-10T16:04:59+00:00 symbols=1 signals=1 entries=1 exits=0 blocked=0 open=1 cash=8058.78 equity=10084.04
[SCAN] 2026-08-10T16:09:59+00:00 symbols=1 signals=0 entries=0 exits=0 blocked=0 open=1 cash=8058.78 equity=10086.14
[SCAN] 2026-08-10T16:14:59+00:00 symbols=1 signals=0 entries=0 exits=0 blocked=0 open=1 cash=8058.78 equity=10084.56
[SCAN] 2026-08-10T16:19:59+00:00 symbols=1 signals=0 entries=0 exits=0 blocked=0 open=1 cash=8058.78 equity=10079.82
[SCAN] 2026-08-10T16:24:59+00:00 symbols=1 signals=0 entries=0 exits=0 blocked=0 open=1 cash=8058.78 equity=10072.96
[SCAN] 2026-08-10T16:29:59+00:00 symbols=1 signals=0 entries=0 exits=0 blocked=0 open=1 cash=8058.78 equity=10086.67
[SCAN] 2026-08-10T16:34:59+00:00 symbols=1 signals=0 entries=0 exits=0 blocked=0 open=1 cash=8058.78 equity=10081.93
[SCAN] 2026-08-10T16:39:59+00:00 symbols=1 signals=0 entries=0 exits=0 blocked=0 open=1 cash=8058.78 equity=10076.13
[SCAN] 2026-08-10T16:44:59+00:00 symbols=1 signals=0 entries=0 exits=0 blocked=0 open=1 cash=8058.78 equity=10077.71
[SCAN] 2026-08-10T16:49:59+00:00 symbols=1 signals=0 entries=0 exits=0 blocked=0 open=1 cash=8058.78 equity=10067.16
[SCAN] 2026-08-10T16:54:59+00:00 symbols=1 signals=0 entries=0 exits=0 blocked=0 open=1 cash=8058.78 equity=10078.24
[SCAN] 2026-08-10T16:59:59+00:00 symbols=1 signals=0 entries=0 exits=0 blocked=0 open=1 cash=8058.78 equity=10082.98
[SCAN] 2026-08-10T17:04:59+00:00 symbols=1 signals=0 entries=0 exits=0 blocked=0 open=1 cash=8058.78 equity=10079.29
[SCAN] 2026-08-10T17:09:59+00:00 symbols=1 signals=0 entries=0 exits=0 blocked=0 open=1 cash=8058.78 equity=10098.80
[SCAN] 2026-08-10T17:14:59+00:00 symbols=1 signals=0 entries=0 exits=0 blocked=0 open=1 cash=8058.78 equity=10091.42
[SCAN] 2026-08-10T17:19:59+00:00 symbols=1 signals=0 entries=0 exits=0 blocked=0 open=1 cash=8058.78 equity=10102.49
[SCAN] 2026-08-10T17:24:59+00:00 symbols=1 signals=0 entries=0 exits=0 blocked=0 open=1 cash=8058.78 equity=10104.60
[SCAN] 2026-08-10T17:29:59+00:00 symbols=1 signals=0 entries=0 exits=0 blocked=0 open=1 cash=8058.78 equity=10107.24
[EXIT] 2026-08-10T17:34:59+00:00 BOMETRY reason=fixed_take_profit pnl=+39.04 cash=10116.54
[SCAN] 2026-08-10T17:34:59+00:00 symbols=1 signals=0 entries=0 exits=1 blocked=0 open=0 cash=10116.54 equity=10116.54
[SCAN] 2026-08-10T17:39:59+00:00 symbols=1 signals=0 entries=0 exits=0 blocked=0 open=0 cash=10116.54 equity=10116.54
[SCAN] 2026-08-10T17:44:59+00:00 symbols=1 signals=0 entries=0 exits=0 blocked=0 open=0 cash=10116.54 equity=10116.54
[SCAN] 2026-08-10T17:49:59+00:00 symbols=1 signals=0 entries=0 exits=0 blocked=0 open=0 cash=10116.54 equity=10116.54
[SCAN] 2026-08-10T17:54:59+00:00 symbols=1 signals=0 entries=0 exits=0 blocked=0 open=0 cash=10116.54 equity=10116.54
[SCAN] 2026-08-10T17:59:59+00:00 symbols=1 signals=0 entries=0 exits=0 blocked=0 open=0 cash=10116.54 equity=10116.54
[SCAN] 2026-08-10T18:04:59+00:00 symbols=1 signals=0 entries=0 exits=0 blocked=0 open=0 cash=10116.54 equity=10116.54
[SCAN] 2026-08-10T18:09:59+00:00 symbols=1 signals=0 entries=0 exits=0 blocked=0 open=0 cash=10116.54 equity=10116.54
[SCAN] 2026-08-10T18:14:59+00:00 symbols=1 signals=0 entries=0 exits=0 blocked=0 open=0 cash=10116.54 equity=10116.54
[SCAN] 2026-08-10T18:19:59+00:00 symbols=1 signals=0 entries=0 exits=0 blocked=0 open=0 cash=10116.54 equity=10116.54
[SCAN] 2026-08-10T18:24:59+00:00 symbols=1 signals=0 entries=0 exits=0 blocked=0 open=0 cash=10116.54 equity=10116.54
[SCAN] 2026-08-10T18:29:59+00:00 symbols=1 signals=0 entries=0 exits=0 blocked=0 open=0 cash=10116.54 equity=10116.54
[SCAN] 2026-08-10T18:34:59+00:00 symbols=1 signals=0 entries=0 exits=0 blocked=0 open=0 cash=10116.54 equity=10116.54
[SCAN] 2026-08-10T18:39:59+00:00 symbols=1 signals=0 entries=0 exits=0 blocked=0 open=0 cash=10116.54 equity=10116.54
[SCAN] 2026-08-10T18:44:59+00:00 symbols=1 signals=0 entries=0 exits=0 blocked=0 open=0 cash=10116.54 equity=10116.54
[SCAN] 2026-08-10T18:49:59+00:00 symbols=1 signals=0 entries=0 exits=0 blocked=0 open=0 cash=10116.54 equity=10116.54
[SCAN] 2026-08-10T18:54:59+00:00 symbols=1 signals=0 entries=0 exits=0 blocked=0 open=0 cash=10116.54 equity=10116.54
[SCAN] 2026-08-10T18:59:59+00:00 symbols=1 signals=0 entries=0 exits=0 blocked=0 open=0 cash=10116.54 equity=10116.54
[SCAN] 2026-08-10T19:04:59+00:00 symbols=1 signals=0 entries=0 exits=0 blocked=0 open=0 cash=10116.54 equity=10116.54
[SCAN] 2026-08-10T19:09:59+00:00 symbols=1 signals=0 entries=0 exits=0 blocked=0 open=0 cash=10116.54 equity=10116.54
[SCAN] 2026-08-10T19:14:59+00:00 symbols=1 signals=0 entries=0 exits=0 blocked=0 open=0 cash=10116.54 equity=10116.54
[SCAN] 2026-08-10T19:19:59+00:00 symbols=1 signals=0 entries=0 exits=0 blocked=0 open=0 cash=10116.54 equity=10116.54
[SCAN] 2026-08-10T19:24:59+00:00 symbols=1 signals=0 entries=0 exits=0 blocked=0 open=0 cash=10116.54 equity=10116.54
[SCAN] 2026-08-10T19:29:59+00:00 symbols=1 signals=0 entries=0 exits=0 blocked=0 open=0 cash=10116.54 equity=10116.54
[SCAN] 2026-08-10T19:34:59+00:00 symbols=1 signals=0 entries=0 exits=0 blocked=0 open=0 cash=10116.54 equity=10116.54
[SCAN] 2026-08-10T19:39:59+00:00 symbols=1 signals=0 entries=0 exits=0 blocked=0 open=0 cash=10116.54 equity=10116.54
[SCAN] 2026-08-10T19:44:59+00:00 symbols=1 signals=0 entries=0 exits=0 blocked=0 open=0 cash=10116.54 equity=10116.54
[SCAN] 2026-08-10T19:49:59+00:00 symbols=1 signals=0 entries=0 exits=0 blocked=0 open=0 cash=10116.54 equity=10116.54
[SCAN] 2026-08-10T19:54:59+00:00 symbols=1 signals=0 entries=0 exits=0 blocked=0 open=0 cash=10116.54 equity=10116.54
[SCAN] 2026-08-10T19:59:59+00:00 symbols=1 signals=0 entries=0 exits=0 blocked=0 open=0 cash=10116.54 equity=10116.54
[SCAN] 2026-08-10T20:04:59+00:00 symbols=1 signals=0 entries=0 exits=0 blocked=0 open=0 cash=10116.54 equity=10116.54
[SCAN] 2026-08-10T20:09:59+00:00 symbols=1 signals=0 entries=0 exits=0 blocked=0 open=0 cash=10116.54 equity=10116.54
[SCAN] 2026-08-10T20:14:59+00:00 symbols=1 signals=0 entries=0 exits=0 blocked=0 open=0 cash=10116.54 equity=10116.54
[SCAN] 2026-08-10T20:19:59+00:00 symbols=1 signals=0 entries=0 exits=0 blocked=0 open=0 cash=10116.54 equity=10116.54
[SCAN] 2026-08-10T20:24:59+00:00 symbols=1 signals=0 entries=0 exits=0 blocked=0 open=0 cash=10116.54 equity=10116.54
[SCAN] 2026-08-10T20:29:59+00:00 symbols=1 signals=0 entries=0 exits=0 blocked=0 open=0 cash=10116.54 equity=10116.54
[SCAN] 2026-08-10T20:34:59+00:00 symbols=1 signals=0 entries=0 exits=0 blocked=0 open=0 cash=10116.54 equity=10116.54
[SCAN] 2026-08-10T20:39:59+00:00 symbols=1 signals=0 entries=0 exits=0 blocked=0 open=0 cash=10116.54 equity=10116.54
[SCAN] 2026-08-10T20:44:59+00:00 symbols=1 signals=0 entries=0 exits=0 blocked=0 open=0 cash=10116.54 equity=10116.54
[SCAN] 2026-08-10T20:49:59+00:00 symbols=1 signals=0 entries=0 exits=0 blocked=0 open=0 cash=10116.54 equity=10116.54
[SCAN] 2026-08-10T20:54:59+00:00 symbols=1 signals=0 entries=0 exits=0 blocked=0 open=0 cash=10116.54 equity=10116.54
[SCAN] 2026-08-10T20:59:59+00:00 symbols=1 signals=0 entries=0 exits=0 blocked=0 open=0 cash=10116.54 equity=10116.54
[SCAN] 2026-08-10T21:04:59+00:00 symbols=1 signals=0 entries=0 exits=0 blocked=0 open=0 cash=10116.54 equity=10116.54
[SCAN] 2026-08-10T21:09:59+00:00 symbols=1 signals=0 entries=0 exits=0 blocked=0 open=0 cash=10116.54 equity=10116.54
[SCAN] 2026-08-10T21:14:59+00:00 symbols=1 signals=0 entries=0 exits=0 blocked=0 open=0 cash=10116.54 equity=10116.54
[SCAN] 2026-08-10T21:19:59+00:00 symbols=1 signals=0 entries=0 exits=0 blocked=0 open=0 cash=10116.54 equity=10116.54
[SCAN] 2026-08-10T21:24:59+00:00 symbols=1 signals=0 entries=0 exits=0 blocked=0 open=0 cash=10116.54 equity=10116.54
[SCAN] 2026-08-10T21:29:59+00:00 symbols=1 signals=0 entries=0 exits=0 blocked=0 open=0 cash=10116.54 equity=10116.54
[SCAN] 2026-08-10T21:34:59+00:00 symbols=1 signals=0 entries=0 exits=0 blocked=0 open=0 cash=10116.54 equity=10116.54
[SCAN] 2026-08-10T21:39:59+00:00 symbols=1 signals=0 entries=0 exits=0 blocked=0 open=0 cash=10116.54 equity=10116.54
[SCAN] 2026-08-10T21:44:59+00:00 symbols=1 signals=0 entries=0 exits=0 blocked=0 open=0 cash=10116.54 equity=10116.54
[SCAN] 2026-08-10T21:49:59+00:00 symbols=1 signals=0 entries=0 exits=0 blocked=0 open=0 cash=10116.54 equity=10116.54
[SCAN] 2026-08-10T21:54:59+00:00 symbols=1 signals=0 entries=0 exits=0 blocked=0 open=0 cash=10116.54 equity=10116.54
[SCAN] 2026-08-10T21:59:59+00:00 symbols=1 signals=0 entries=0 exits=0 blocked=0 open=0 cash=10116.54 equity=10116.54
[SCAN] 2026-08-10T22:04:59+00:00 symbols=1 signals=0 entries=0 exits=0 blocked=0 open=0 cash=10116.54 equity=10116.54
[SCAN] 2026-08-10T22:09:59+00:00 symbols=1 signals=0 entries=0 exits=0 blocked=0 open=0 cash=10116.54 equity=10116.54
[SCAN] 2026-08-10T22:14:59+00:00 symbols=1 signals=0 entries=0 exits=0 blocked=0 open=0 cash=10116.54 equity=10116.54
[SCAN] 2026-08-10T22:19:59+00:00 symbols=1 signals=0 entries=0 exits=0 blocked=0 open=0 cash=10116.54 equity=10116.54
[SCAN] 2026-08-10T22:24:59+00:00 symbols=1 signals=0 entries=0 exits=0 blocked=0 open=0 cash=10116.54 equity=10116.54
[SCAN] 2026-08-10T22:29:59+00:00 symbols=1 signals=0 entries=0 exits=0 blocked=0 open=0 cash=10116.54 equity=10116.54
[SIGNAL] 2026-08-10T22:29:59+00:00 BOMETRY BUY fill_at=2026-08-10T22:34:59+00:00 features={"close": 0.03908, "bb_lower": 0.039243536024942995, "bb_upper": 0.03995932111791415, "rsi": 34.68510116600369, "mfi": 9.405343466532045, "atr": 0.0002228571428571422}
[ENTRY] 2026-08-10T22:34:59+00:00 BOMETRY layer=1 value=1011.65 entry=0.03910931 cash=9103.36
[SCAN] 2026-08-10T22:34:59+00:00 symbols=1 signals=1 entries=1 exits=0 blocked=0 open=1 cash=9103.36 equity=10114.78
[SIGNAL] 2026-08-10T22:34:59+00:00 BOMETRY BUY fill_at=2026-08-10T22:39:59+00:00 features={"close": 0.0391, "bb_lower": 0.039169748281940475, "bb_upper": 0.03999787076567858, "rsi": 35.489030485165074, "mfi": 10.739491305814383, "atr": 0.0002207142857142849}
[ENTRY] 2026-08-10T22:39:59+00:00 BOMETRY layer=2 value=1011.17 entry=0.03913933 cash=8090.68
[SCAN] 2026-08-10T22:39:59+00:00 symbols=1 signals=1 entries=1 exits=0 blocked=0 open=1 cash=8090.68 equity=10106.04
[SIGNAL] 2026-08-10T22:39:59+00:00 BOMETRY BUY fill_at=2026-08-10T22:44:59+00:00 features={"close": 0.03898, "bb_lower": 0.0390887611835493, "bb_upper": 0.04004457214978405, "rsi": 32.860050990473695, "mfi": 6.379208891110139, "atr": 0.00022999999999999906}
[BLOCKED] BOMETRY reason=max_layers
[SCAN] 2026-08-10T22:44:59+00:00 symbols=1 signals=1 entries=0 exits=0 blocked=1 open=1 cash=8090.68 equity=10110.18
[SCAN] 2026-08-10T22:49:59+00:00 symbols=1 signals=0 entries=0 exits=0 blocked=0 open=1 cash=8090.68 equity=10108.11
[SCAN] 2026-08-10T22:54:59+00:00 symbols=1 signals=0 entries=0 exits=0 blocked=0 open=1 cash=8090.68 equity=10116.38
[SCAN] 2026-08-10T22:59:59+00:00 symbols=1 signals=0 entries=0 exits=0 blocked=0 open=1 cash=8090.68 equity=10110.69
[SCAN] 2026-08-10T23:04:59+00:00 symbols=1 signals=0 entries=0 exits=0 blocked=0 open=1 cash=8090.68 equity=10112.76
[SCAN] 2026-08-10T23:09:59+00:00 symbols=1 signals=0 entries=0 exits=0 blocked=0 open=1 cash=8090.68 equity=10116.38
[SCAN] 2026-08-10T23:14:59+00:00 symbols=1 signals=0 entries=0 exits=0 blocked=0 open=1 cash=8090.68 equity=10123.62
[SCAN] 2026-08-10T23:19:59+00:00 symbols=1 signals=0 entries=0 exits=0 blocked=0 open=1 cash=8090.68 equity=10120.00
[SCAN] 2026-08-10T23:24:59+00:00 symbols=1 signals=0 entries=0 exits=0 blocked=0 open=1 cash=8090.68 equity=10122.58
[SCAN] 2026-08-10T23:29:59+00:00 symbols=1 signals=0 entries=0 exits=0 blocked=0 open=1 cash=8090.68 equity=10119.48
[SCAN] 2026-08-10T23:34:59+00:00 symbols=1 signals=0 entries=0 exits=0 blocked=0 open=1 cash=8090.68 equity=10124.14
[SCAN] 2026-08-10T23:39:59+00:00 symbols=1 signals=0 entries=0 exits=0 blocked=0 open=1 cash=8090.68 equity=10124.14
[SCAN] 2026-08-10T23:44:59+00:00 symbols=1 signals=0 entries=0 exits=0 blocked=0 open=1 cash=8090.68 equity=10137.06
[SCAN] 2026-08-10T23:49:59+00:00 symbols=1 signals=0 entries=0 exits=0 blocked=0 open=1 cash=8090.68 equity=10129.31
[SCAN] 2026-08-10T23:54:59+00:00 symbols=1 signals=0 entries=0 exits=0 blocked=0 open=1 cash=8090.68 equity=10131.37
[SCAN] 2026-08-10T23:59:59+00:00 symbols=1 signals=0 entries=0 exits=0 blocked=0 open=1 cash=8090.68 equity=10131.89
[SCAN] 2026-08-11T00:04:59+00:00 symbols=1 signals=0 entries=0 exits=0 blocked=0 open=1 cash=8090.68 equity=10114.83
[SCAN] 2026-08-11T00:09:59+00:00 symbols=1 signals=0 entries=0 exits=0 blocked=0 open=1 cash=8090.68 equity=10113.80
[SCAN] 2026-08-11T00:14:59+00:00 symbols=1 signals=0 entries=0 exits=0 blocked=0 open=1 cash=8090.68 equity=10117.41
[SCAN] 2026-08-11T00:19:59+00:00 symbols=1 signals=0 entries=0 exits=0 blocked=0 open=1 cash=8090.68 equity=10095.18
[SIGNAL] 2026-08-11T00:19:59+00:00 BOMETRY BUY fill_at=2026-08-11T00:24:59+00:00 features={"close": 0.03877, "bb_lower": 0.03884711871219847, "bb_upper": 0.03958907176399201, "rsi": 33.329499021821476, "mfi": 38.818424926290696, "atr": 0.00020785714285714258}
[BLOCKED] BOMETRY reason=max_layers
[SCAN] 2026-08-11T00:24:59+00:00 symbols=1 signals=1 entries=0 exits=0 blocked=1 open=1 cash=8090.68 equity=10108.62
[SCAN] 2026-08-11T00:29:59+00:00 symbols=1 signals=0 entries=0 exits=0 blocked=0 open=1 cash=8090.68 equity=10103.97
[SCAN] 2026-08-11T00:34:59+00:00 symbols=1 signals=0 entries=0 exits=0 blocked=0 open=1 cash=8090.68 equity=10076.57
[SIGNAL] 2026-08-11T00:34:59+00:00 BOMETRY BUY fill_at=2026-08-11T00:39:59+00:00 features={"close": 0.03841, "bb_lower": 0.03867950253146903, "bb_upper": 0.03969192603995953, "rsi": 30.691796513999336, "mfi": 24.59326558883015, "atr": 0.00024714285714285696}
[BLOCKED] BOMETRY reason=max_layers
[SCAN] 2026-08-11T00:39:59+00:00 symbols=1 signals=1 entries=0 exits=0 blocked=1 open=1 cash=8090.68 equity=10056.92
[SIGNAL] 2026-08-11T00:39:59+00:00 BOMETRY BUY fill_at=2026-08-11T00:44:59+00:00 features={"close": 0.03803, "bb_lower": 0.03842479160708516, "bb_upper": 0.039837113154819595, "rsi": 25.753993489036347, "mfi": 22.300509370742972, "atr": 0.00027499999999999996}
[BLOCKED] BOMETRY reason=max_layers
[SCAN] 2026-08-11T00:44:59+00:00 symbols=1 signals=1 entries=0 exits=0 blocked=1 open=1 cash=8090.68 equity=10057.44
[SIGNAL] 2026-08-11T00:44:59+00:00 BOMETRY BUY fill_at=2026-08-11T00:49:59+00:00 features={"close": 0.03804, "bb_lower": 0.038236308459538224, "bb_upper": 0.0399275010642713, "rsi": 26.09297474403172, "mfi": 20.064860027037255, "atr": 0.00028714285714285685}
[BLOCKED] BOMETRY reason=max_layers
[SCAN] 2026-08-11T00:49:59+00:00 symbols=1 signals=1 entries=0 exits=0 blocked=1 open=1 cash=8090.68 equity=10056.92
[SIGNAL] 2026-08-11T00:49:59+00:00 BOMETRY BUY fill_at=2026-08-11T00:54:59+00:00 features={"close": 0.03803, "bb_lower": 0.03807388549449531, "bb_upper": 0.039987066886457076, "rsi": 25.964550946996297, "mfi": 21.148363091882928, "atr": 0.00029071428571428553}
[BLOCKED] BOMETRY reason=max_layers
[SCAN] 2026-08-11T00:54:59+00:00 symbols=1 signals=1 entries=0 exits=0 blocked=1 open=1 cash=8090.68 equity=10056.92
[SCAN] 2026-08-11T00:59:59+00:00 symbols=1 signals=0 entries=0 exits=0 blocked=0 open=1 cash=8090.68 equity=10048.65
[SCAN] 2026-08-11T01:04:59+00:00 symbols=1 signals=0 entries=0 exits=0 blocked=0 open=1 cash=8090.68 equity=10051.75
[SCAN] 2026-08-11T01:09:59+00:00 symbols=1 signals=0 entries=0 exits=0 blocked=0 open=1 cash=8090.68 equity=10070.88
[SCAN] 2026-08-11T01:14:59+00:00 symbols=1 signals=0 entries=0 exits=0 blocked=0 open=1 cash=8090.68 equity=10093.63
[OPEN-EXCLUDED] BOMETRY restored=2025.86 reason=treated_as_never_opened
[COMPLETE] result=/mnt/d/scalperagent_v4/backend/compare-bometry-v3.json
RESULT_JSON={"initial_balance_try": 10000.0, "final_balance_try": 10116.535265, "net_pnl_try": 116.535265, "net_pnl_pct": 1.165353, "closed_trades": 3, "wins": 3, "losses": 0, "win_rate_pct": 100.0, "profit_factor": null, "fees_closed_trades_try": 18.251923, "max_drawdown_pct": 1.118595, "active_symbols": ["BOMETRY"], "open_positions_excluded": [{"symbol": "BOMETRY", "entry_time": 1786401299, "layers": 2, "restored_try": 2025.855046}], "reconciliation": {"expected": 10116.535265, "actual": 10116.535265, "difference": -8e-08}}
