[START] strategy=BB_MFI_MEAN_REVERSION pine_version=v3 initial=10000.00 TRY window=2026-08-10T18:40:12+00:00..2026-08-12T18:40:12+00:00
[CONFIG] universe=312 source=BinanceTR-exchangeInfo order_pct=0.1000 pyramiding=2 max_positions=500 commission=0.001500 spread=0.001000 slippage=0.000250
[DATA] 1000CATTRY source=BinanceTR-public interval=5m candles=863
[DATA] 0GTRY source=BinanceTR-public interval=5m candles=863
[DATA] 1000SATSTRY source=BinanceTR-public interval=5m candles=863
[DATA] 1MBABYDOGETRY source=BinanceTR-public interval=5m candles=863
[DATA] AAVETRY source=BinanceTR-public interval=5m candles=863
[DATA] 2ZTRY source=BinanceTR-public interval=5m candles=863
[DATA] ACETRY source=BinanceTR-public interval=5m candles=863
[DATA] ACMTRY source=BinanceTR-public interval=5m candles=863
[DATA] ACXTRY source=BinanceTR-public interval=5m candles=863
[DATA] ACHTRY source=BinanceTR-public interval=5m candles=863
[DATA] ACTTRY source=BinanceTR-public interval=5m candles=863
[DATA] ADATRY source=BinanceTR-public interval=5m candles=863
[DATA] AIGENSYNTRY source=BinanceTR-public interval=5m candles=863
[DATA] AEVOTRY source=BinanceTR-public interval=5m candles=863
[DATA] AEROTRY source=BinanceTR-public interval=5m candles=863
[DATA] AITRY source=BinanceTR-public interval=5m candles=863
[DATA] ALGOTRY source=BinanceTR-public interval=5m candles=863
[DATA] AIXBTTRY source=BinanceTR-public interval=5m candles=863
[DATA] ALLOTRY source=BinanceTR-public interval=5m candles=863
[DATA] ALICETRY source=BinanceTR-public interval=5m candles=863
[DATA] ALPINETRY source=BinanceTR-public interval=5m candles=863
[DATA] ALTTRY source=BinanceTR-public interval=5m candles=863
[DATA] ANIMETRY source=BinanceTR-public interval=5m candles=863
[DATA] AMPTRY source=BinanceTR-public interval=5m candles=863
[DATA] API3TRY source=BinanceTR-public interval=5m candles=863
[DATA] ANKRTRY source=BinanceTR-public interval=5m candles=863
[DATA] APETRY source=BinanceTR-public interval=5m candles=863
[DATA] ARKTRY source=BinanceTR-public interval=5m candles=863
[DATA] APTTRY source=BinanceTR-public interval=5m candles=863
[DATA] ARKMTRY source=BinanceTR-public interval=5m candles=863
[DATA] ARBTRY source=BinanceTR-public interval=5m candles=863
[DATA] ASRTRY source=BinanceTR-public interval=5m candles=863
[DATA] ARPATRY source=BinanceTR-public interval=5m candles=863
[DATA] ASTERTRY source=BinanceTR-public interval=5m candles=863
[DATA] ARTRY source=BinanceTR-public interval=5m candles=863
[DATA] ATOMTRY source=BinanceTR-public interval=5m candles=863
[DATA] ATMTRY source=BinanceTR-public interval=5m candles=863
[DATA] ATRY source=BinanceTR-public interval=5m candles=863
[DATA] AUCTIONTRY source=BinanceTR-public interval=5m candles=863
[DATA] ATTRY source=BinanceTR-public interval=5m candles=863
[DATA] AXLTRY source=BinanceTR-public interval=5m candles=863
[DATA] AUDIOTRY source=BinanceTR-public interval=5m candles=863
[DATA] AVAXTRY source=BinanceTR-public interval=5m candles=863
[DATA] AVNTTRY source=BinanceTR-public interval=5m candles=863
[DATA] BABYTRY source=BinanceTR-public interval=5m candles=863
[DATA] AXSTRY source=BinanceTR-public interval=5m candles=863
[DATA] BANANATRY source=BinanceTR-public interval=5m candles=863
[DATA] BARDTRY source=BinanceTR-public interval=5m candles=863
[DATA] BANKTRY source=BinanceTR-public interval=5m candles=863
[DATA] BARTRY source=BinanceTR-public interval=5m candles=863
[DATA] BBTRY source=BinanceTR-public interval=5m candles=863
[DATA] BCHTRY source=BinanceTR-public interval=5m candles=863
[DATA] BEAMXTRY source=BinanceTR-public interval=5m candles=863
[DATA] BELTRY source=BinanceTR-public interval=5m candles=863
[DATA] BERATRY source=BinanceTR-public interval=5m candles=863
[DATA] BIOTRY source=BinanceTR-public interval=5m candles=863
[DATA] BLURTRY source=BinanceTR-public interval=5m candles=863
[DATA] BMTTRY source=BinanceTR-public interval=5m candles=863
[DATA] BNBTRY source=BinanceTR-public interval=5m candles=863
[DATA] BOMETRY source=BinanceTR-public interval=5m candles=863
[DATA] BREVTRY source=BinanceTR-public interval=5m candles=863
[DATA] BTCTRY source=BinanceTR-public interval=5m candles=863
[DATA] BONKTRY source=BinanceTR-public interval=5m candles=863
[DATA] CAKETRY source=BinanceTR-public interval=5m candles=863
[DATA] BTTCTRY source=BinanceTR-public interval=5m candles=863
[DATA] CETUSTRY source=BinanceTR-public interval=5m candles=863
[DATA] CATITRY source=BinanceTR-public interval=5m candles=863
[DATA] CELOTRY source=BinanceTR-public interval=5m candles=863
[DATA] CFXTRY source=BinanceTR-public interval=5m candles=863
[DATA] CHZTRY source=BinanceTR-public interval=5m candles=863
[DATA] CFGTRY source=BinanceTR-public interval=5m candles=863
[DATA] CHIPTRY source=BinanceTR-public interval=5m candles=863
[DATA] CITYTRY source=BinanceTR-public interval=5m candles=863
[DATA] COTITRY source=BinanceTR-public interval=5m candles=863
[DATA] CKBTRY source=BinanceTR-public interval=5m candles=863
[DATA] COMPTRY source=BinanceTR-public interval=5m candles=863
[DATA] CTRY source=BinanceTR-public interval=5m candles=863
[DATA] COWTRY source=BinanceTR-public interval=5m candles=863
[DATA] CRVTRY source=BinanceTR-public interval=5m candles=863
[DATA] CYBERTRY source=BinanceTR-public interval=5m candles=863
[DATA] DASHTRY source=BinanceTR-public interval=5m candles=863
[DATA] DODOTRY source=BinanceTR-public interval=5m candles=863
[DATA] DOGETRY source=BinanceTR-public interval=5m candles=863
[DATA] DOGSTRY source=BinanceTR-public interval=5m candles=863
[DATA] DOTTRY source=BinanceTR-public interval=5m candles=863
[DATA] EDENTRY source=BinanceTR-public interval=5m candles=863
[DATA] DOLOTRY source=BinanceTR-public interval=5m candles=863
[DATA] DYMTRY source=BinanceTR-public interval=5m candles=863
[DATA] DYDXTRY source=BinanceTR-public interval=5m candles=863
[DATA] EGLDTRY source=BinanceTR-public interval=5m candles=863
[DATA] EIGENTRY source=BinanceTR-public interval=5m candles=863
[DATA] EDUTRY source=BinanceTR-public interval=5m candles=863
[DATA] ENATRY source=BinanceTR-public interval=5m candles=863
[DATA] ENJTRY source=BinanceTR-public interval=5m candles=863
[DATA] ENSOTRY source=BinanceTR-public interval=5m candles=863
[DATA] ENSTRY source=BinanceTR-public interval=5m candles=863
[DATA] ERATRY source=BinanceTR-public interval=5m candles=863
[DATA] ESPTRY source=BinanceTR-public interval=5m candles=863
[DATA] ETCTRY source=BinanceTR-public interval=5m candles=863
[DATA] ETHFITRY source=BinanceTR-public interval=5m candles=863
[DATA] FDUSDTRY source=BinanceTR-public interval=5m candles=863
[DATA] ETHTRY source=BinanceTR-public interval=5m candles=863
[DATA] FETTRY source=BinanceTR-public interval=5m candles=863
[DATA] FFTRY source=BinanceTR-public interval=5m candles=863
[DATA] EULTRY source=BinanceTR-public interval=5m candles=863
[DATA] FIDATRY source=BinanceTR-public interval=5m candles=863
[DATA] FILTRY source=BinanceTR-public interval=5m candles=863
